******************************************************************************
                  TI ARM Linker PC v20.2.5                     
******************************************************************************
>> Linked Wed Dec  8 08:07:33 2021

OUTPUT FILE NAME:   <ece3849b21_lab3_mltund_bhuynh.out>
ENTRY POINT SYMBOL: "_c_int00"  address: 00016581


MEMORY CONFIGURATION

         name            origin    length      used     unused   attr    fill
----------------------  --------  ---------  --------  --------  ----  --------
  FLASH                 00000000   00100000  00018eee  000e7112  R  X
  SRAM                  20000000   00040000  00013ff2  0002c00e  RW X


SEGMENT ALLOCATION MAP

run origin  load origin   length   init length attrs members
----------  ----------- ---------- ----------- ----- -------
00000000    00000000    00018ef8   00018ef8    r-x
  00000000    00000000    0000003c   0000003c    r-- .resetVecs
  00000040    00000040    0000d780   0000d780    r-- .const
  0000d7c0    0000d7c0    0000b3fa   0000b3fa    r-x .text
  00018bc0    00018bc0    00000338   00000338    r-- .cinit
20000000    20000000    00000360   00000000    rw-
  20000000    20000000    00000360   00000000    rw- .vecs
20000400    20000400    00013c98   00000000    rw-
  20000400    20000400    0000b20a   00000000    rw- .bss
  2000b60c    2000b60c    00008788   00000000    rw- .data
  20013d98    20013d98    00000300   00000000    rw- .stack


SECTION ALLOCATION MAP

 output                                  attributes/
section   page    origin      length       input sections
--------  ----  ----------  ----------   ----------------
.const     0    00000040    0000d780     
                  00000040    0000af82     audio_waveform.obj (.const:.string:gWaveform)
                  0000afc2    000019ce     rtos_pem4f.oem4f (.const:xdc_runtime_Text_charTab__A)
                  0000c990    000002f8     grlib.lib : fontfixed6x8.obj (.const:.string:g_pui8FontFixed6x8Data)
                  0000cc88    00000158     rtsv7M4_T_le_v4SPD16_eabi.lib : k_rem_pio2.c.obj (.const:$O1$$)
                  0000cde0    00000120     Boot.aem4f : Boot_sysctl.oem4f (.const:g_pppui32XTALtoVCO)
                  0000cf00    00000101     rtsv7M4_T_le_v4SPD16_eabi.lib : ctype.c.obj (.const:.string:_ctypes_)
                  0000d001    00000001     rtos_pem4f.oem4f (.const:xdc_runtime_Error_policy__C)
                  0000d002    00000002     rtos_pem4f.oem4f (.const:ti_catalog_arm_cortexm4_tiva_ce_Boot_Module__id__C)
                  0000d004    000000c8     grlib.lib : fontfixed6x8.obj (.const:g_sFontFixed6x8)
                  0000d0cc    000000c8     rtos_pem4f.oem4f (.const:xdc_runtime_Text_nodeTab__A)
                  0000d194    00000090     driverlib.lib : gpio.obj (.const:g_pui32GPIOBaseAddrs)
                  0000d224    0000006c     Boot.aem4f : Boot_sysctl.oem4f (.const:g_pui32Xtals)
                  0000d290    00000048     rtos_pem4f.oem4f (.const:.string)
                  0000d2d8    00000044     rtos_pem4f.oem4f (.const)
                  0000d31c    00000030     main.obj (.const:.string)
                  0000d34c    00000030     Boot.aem4f : Boot_sysctl.oem4f (.const:g_sXTALtoMEMTIM)
                  0000d37c    00000028     Crystalfontz128x128_ST7735.obj (.const:g_sCrystalfontz128x128)
                  0000d3a4    00000028     rtos_pem4f.oem4f (.const:ti_sysbios_heaps_HeapMem_Module__FXNS__C)
                  0000d3cc    00000028     rtos_pem4f.oem4f (.const:xdc_runtime_Startup_sfxnTab__A)
                  0000d3f4    00000024     rtos_pem4f.oem4f (.const:ti_sysbios_gates_GateHwi_Module__FXNS__C)
                  0000d418    00000024     rtos_pem4f.oem4f (.const:ti_sysbios_gates_GateMutex_Module__FXNS__C)
                  0000d43c    00000024     rtos_pem4f.oem4f (.const:ti_sysbios_heaps_HeapMem_Object__PARAMS__C)
                  0000d460    00000024     rtos_pem4f.oem4f (.const:ti_sysbios_knl_Semaphore_Object__PARAMS__C)
                  0000d484    00000020     rtos_pem4f.oem4f (.const:ti_sysbios_gates_GateHwi_Object__DESC__C)
                  0000d4a4    00000020     rtos_pem4f.oem4f (.const:ti_sysbios_gates_GateMutex_Object__DESC__C)
                  0000d4c4    00000020     rtos_pem4f.oem4f (.const:ti_sysbios_heaps_HeapMem_Object__DESC__C)
                  0000d4e4    00000020     rtos_pem4f.oem4f (.const:ti_sysbios_knl_Queue_Object__DESC__C)
                  0000d504    00000020     rtos_pem4f.oem4f (.const:ti_sysbios_knl_Semaphore_Object__DESC__C)
                  0000d524    00000018     rtos_pem4f.oem4f (.const:ti_sysbios_gates_GateHwi_Object__PARAMS__C)
                  0000d53c    00000018     rtos_pem4f.oem4f (.const:ti_sysbios_gates_GateMutex_Object__PARAMS__C)
                  0000d554    00000018     rtos_pem4f.oem4f (.const:ti_sysbios_knl_Queue_Object__PARAMS__C)
                  0000d56c    00000018     rtos_pem4f.oem4f (.const:xdc_runtime_Startup_firstFxns__A)
                  0000d584    00000014     main.obj (.const:gVoltageScaleStr)
                  0000d598    00000014     rtos_pem4f.oem4f (.const:xdc_runtime_Startup_sfxnRts__A)
                  0000d5ac    00000010     grlib.lib : context.obj (.const)
                  0000d5bc    00000008     Boot.aem4f : Boot_sysctl.oem4f (.const)
                  0000d5c4    00000008     main.obj (.const:gTriggerStr)
                  0000d5cc    00000008     rtos_pem4f.oem4f (.const:ti_sysbios_family_arm_m3_Hwi_excHookFuncs__A)
                  0000d5d4    00000008     rtos_pem4f.oem4f (.const:ti_sysbios_knl_Idle_funcList__C)
                  0000d5dc    00000008     rtos_pem4f.oem4f (.const:xdc_runtime_Startup_firstFxns__C)
                  0000d5e4    00000008     rtos_pem4f.oem4f (.const:xdc_runtime_Startup_lastFxns__C)
                  0000d5ec    00000004     audio_waveform.obj (.const)
                  0000d5f0    00000004     rtos_pem4f.oem4f (.const:ti_catalog_arm_cortexm4_tiva_ce_Boot_A_mustNotUseEnhancedClockMode__C)
                  0000d5f4    00000004     rtos_pem4f.oem4f (.const:ti_catalog_arm_cortexm4_tiva_ce_Boot_Module__diagsEnabled__C)
                  0000d5f8    00000004     rtos_pem4f.oem4f (.const:ti_catalog_arm_cortexm4_tiva_ce_Boot_Module__diagsIncluded__C)
                  0000d5fc    00000004     rtos_pem4f.oem4f (.const:ti_catalog_arm_cortexm4_tiva_ce_Boot_Module__diagsMask__C)
                  0000d600    00000004     rtos_pem4f.oem4f (.const:ti_sysbios_family_arm_lm4_Timer_enableFunc__C)
                  0000d604    00000004     rtos_pem4f.oem4f (.const:ti_sysbios_family_arm_lm4_Timer_numTimerDevices__C)
                  0000d608    00000004     rtos_pem4f.oem4f (.const:ti_sysbios_family_arm_lm4_Timer_startupNeeded__C)
                  0000d60c    00000004     rtos_pem4f.oem4f (.const:ti_sysbios_family_arm_lm4_TimestampProvider_Module__diagsEnabled__C)
                  0000d610    00000004     rtos_pem4f.oem4f (.const:ti_sysbios_family_arm_lm4_TimestampProvider_Module__diagsIncluded__C)
                  0000d614    00000004     rtos_pem4f.oem4f (.const:ti_sysbios_family_arm_lm4_TimestampProvider_Module__diagsMask__C)
                  0000d618    00000004     rtos_pem4f.oem4f (.const:ti_sysbios_family_arm_m3_Hwi_E_NMI__C)
                  0000d61c    00000004     rtos_pem4f.oem4f (.const:ti_sysbios_family_arm_m3_Hwi_E_busFault__C)
                  0000d620    00000004     rtos_pem4f.oem4f (.const:ti_sysbios_family_arm_m3_Hwi_E_debugMon__C)
                  0000d624    00000004     rtos_pem4f.oem4f (.const:ti_sysbios_family_arm_m3_Hwi_E_hardFault__C)
                  0000d628    00000004     rtos_pem4f.oem4f (.const:ti_sysbios_family_arm_m3_Hwi_E_memFault__C)
                  0000d62c    00000004     rtos_pem4f.oem4f (.const:ti_sysbios_family_arm_m3_Hwi_E_noIsr__C)
                  0000d630    00000004     rtos_pem4f.oem4f (.const:ti_sysbios_family_arm_m3_Hwi_E_reserved__C)
                  0000d634    00000004     rtos_pem4f.oem4f (.const:ti_sysbios_family_arm_m3_Hwi_E_svCall__C)
                  0000d638    00000004     rtos_pem4f.oem4f (.const:ti_sysbios_family_arm_m3_Hwi_E_usageFault__C)
                  0000d63c    00000004     rtos_pem4f.oem4f (.const:ti_sysbios_family_arm_m3_Hwi_NUM_INTERRUPTS__C)
                  0000d640    00000004     rtos_pem4f.oem4f (.const:ti_sysbios_family_arm_m3_Hwi_Object__count__C)
                  0000d644    00000004     rtos_pem4f.oem4f (.const:ti_sysbios_family_arm_m3_Hwi_ccr__C)
                  0000d648    00000004     rtos_pem4f.oem4f (.const:ti_sysbios_family_arm_m3_Hwi_excHandlerFunc__C)
                  0000d64c    00000004     rtos_pem4f.oem4f (.const:ti_sysbios_family_arm_m3_Hwi_excHookFuncs__C)
                  0000d650    00000004     rtos_pem4f.oem4f (.const:ti_sysbios_family_arm_m3_Hwi_nullIsrFunc__C)
                  0000d654    00000004     rtos_pem4f.oem4f (.const:ti_sysbios_family_arm_m3_Hwi_priGroup__C)
                  0000d658    00000004     rtos_pem4f.oem4f (.const:ti_sysbios_gates_GateMutex_A_badContext__C)
                  0000d65c    00000004     rtos_pem4f.oem4f (.const:ti_sysbios_gates_GateMutex_Instance_State_sem__O)
                  0000d660    00000004     rtos_pem4f.oem4f (.const:ti_sysbios_gates_GateMutex_Module__diagsEnabled__C)
                  0000d664    00000004     rtos_pem4f.oem4f (.const:ti_sysbios_gates_GateMutex_Module__diagsIncluded__C)
                  0000d668    00000004     rtos_pem4f.oem4f (.const:ti_sysbios_gates_GateMutex_Module__diagsMask__C)
                  0000d66c    00000004     rtos_pem4f.oem4f (.const:ti_sysbios_hal_Hwi_E_stackOverflow__C)
                  0000d670    00000004     rtos_pem4f.oem4f (.const:ti_sysbios_heaps_HeapMem_A_align__C)
                  0000d674    00000004     rtos_pem4f.oem4f (.const:ti_sysbios_heaps_HeapMem_A_heapSize__C)
                  0000d678    00000004     rtos_pem4f.oem4f (.const:ti_sysbios_heaps_HeapMem_A_invalidFree__C)
                  0000d67c    00000004     rtos_pem4f.oem4f (.const:ti_sysbios_heaps_HeapMem_A_zeroBlock__C)
                  0000d680    00000004     rtos_pem4f.oem4f (.const:ti_sysbios_heaps_HeapMem_E_memory__C)
                  0000d684    00000004     rtos_pem4f.oem4f (.const:ti_sysbios_heaps_HeapMem_Module__diagsEnabled__C)
                  0000d688    00000004     rtos_pem4f.oem4f (.const:ti_sysbios_heaps_HeapMem_Module__diagsIncluded__C)
                  0000d68c    00000004     rtos_pem4f.oem4f (.const:ti_sysbios_heaps_HeapMem_Module__diagsMask__C)
                  0000d690    00000004     rtos_pem4f.oem4f (.const:ti_sysbios_heaps_HeapMem_Module__gateObj__C)
                  0000d694    00000004     rtos_pem4f.oem4f (.const:ti_sysbios_heaps_HeapMem_Object__count__C)
                  0000d698    00000004     rtos_pem4f.oem4f (.const:ti_sysbios_heaps_HeapMem_reqAlign__C)
                  0000d69c    00000004     rtos_pem4f.oem4f (.const:ti_sysbios_knl_Clock_Module_State_clockQ__O)
                  0000d6a0    00000004     rtos_pem4f.oem4f (.const:ti_sysbios_knl_Event_A_nullEventId__C)
                  0000d6a4    00000004     rtos_pem4f.oem4f (.const:ti_sysbios_knl_Event_Instance_State_pendQ__O)
                  0000d6a8    00000004     rtos_pem4f.oem4f (.const:ti_sysbios_knl_Event_Module__diagsEnabled__C)
                  0000d6ac    00000004     rtos_pem4f.oem4f (.const:ti_sysbios_knl_Event_Module__diagsIncluded__C)
                  0000d6b0    00000004     rtos_pem4f.oem4f (.const:ti_sysbios_knl_Event_Module__diagsMask__C)
                  0000d6b4    00000004     rtos_pem4f.oem4f (.const:ti_sysbios_knl_Idle_funcList__A)
                  0000d6b8    00000004     rtos_pem4f.oem4f (.const:ti_sysbios_knl_Mailbox_Instance_State_dataQue__O)
                  0000d6bc    00000004     rtos_pem4f.oem4f (.const:ti_sysbios_knl_Mailbox_Instance_State_dataSem__O)
                  0000d6c0    00000004     rtos_pem4f.oem4f (.const:ti_sysbios_knl_Mailbox_Instance_State_freeQue__O)
                  0000d6c4    00000004     rtos_pem4f.oem4f (.const:ti_sysbios_knl_Mailbox_Instance_State_freeSem__O)
                  0000d6c8    00000004     rtos_pem4f.oem4f (.const:ti_sysbios_knl_Mailbox_Object__count__C)
                  0000d6cc    00000004     rtos_pem4f.oem4f (.const:ti_sysbios_knl_Mailbox_maxTypeAlign__C)
                  0000d6d0    00000004     rtos_pem4f.oem4f (.const:ti_sysbios_knl_Semaphore_A_badContext__C)
                  0000d6d4    00000004     rtos_pem4f.oem4f (.const:ti_sysbios_knl_Semaphore_A_overflow__C)
                  0000d6d8    00000004     rtos_pem4f.oem4f (.const:ti_sysbios_knl_Semaphore_A_pendTaskDisabled__C)
                  0000d6dc    00000004     rtos_pem4f.oem4f (.const:ti_sysbios_knl_Semaphore_Instance_State_pendQ__O)
                  0000d6e0    00000004     rtos_pem4f.oem4f (.const:ti_sysbios_knl_Semaphore_Module__diagsEnabled__C)
                  0000d6e4    00000004     rtos_pem4f.oem4f (.const:ti_sysbios_knl_Semaphore_Module__diagsIncluded__C)
                  0000d6e8    00000004     rtos_pem4f.oem4f (.const:ti_sysbios_knl_Semaphore_Module__diagsMask__C)
                  0000d6ec    00000004     rtos_pem4f.oem4f (.const:ti_sysbios_knl_Semaphore_eventPost__C)
                  0000d6f0    00000004     rtos_pem4f.oem4f (.const:ti_sysbios_knl_Semaphore_eventSync__C)
                  0000d6f4    00000004     rtos_pem4f.oem4f (.const:ti_sysbios_knl_Swi_Object__count__C)
                  0000d6f8    00000004     rtos_pem4f.oem4f (.const:ti_sysbios_knl_Task_E_spOutOfBounds__C)
                  0000d6fc    00000004     rtos_pem4f.oem4f (.const:ti_sysbios_knl_Task_E_stackOverflow__C)
                  0000d700    00000004     rtos_pem4f.oem4f (.const:ti_sysbios_knl_Task_Module_State_inactiveQ__O)
                  0000d704    00000004     rtos_pem4f.oem4f (.const:ti_sysbios_knl_Task_Object__count__C)
                  0000d708    00000004     rtos_pem4f.oem4f (.const:ti_sysbios_knl_Task_allBlockedFunc__C)
                  0000d70c    00000004     rtos_pem4f.oem4f (.const:ti_sysbios_knl_Task_numConstructedTasks__C)
                  0000d710    00000004     rtos_pem4f.oem4f (.const:xdc_runtime_Assert_E_assertFailed__C)
                  0000d714    00000004     rtos_pem4f.oem4f (.const:xdc_runtime_Core_A_initializedParams__C)
                  0000d718    00000004     rtos_pem4f.oem4f (.const:xdc_runtime_Core_Module__diagsEnabled__C)
                  0000d71c    00000004     rtos_pem4f.oem4f (.const:xdc_runtime_Core_Module__diagsIncluded__C)
                  0000d720    00000004     rtos_pem4f.oem4f (.const:xdc_runtime_Core_Module__diagsMask__C)
                  0000d724    00000004     rtos_pem4f.oem4f (.const:xdc_runtime_Error_E_memory__C)
                  0000d728    00000004     rtos_pem4f.oem4f (.const:xdc_runtime_Error_Module__diagsEnabled__C)
                  0000d72c    00000004     rtos_pem4f.oem4f (.const:xdc_runtime_Error_Module__diagsIncluded__C)
                  0000d730    00000004     rtos_pem4f.oem4f (.const:xdc_runtime_Error_Module__diagsMask__C)
                  0000d734    00000004     rtos_pem4f.oem4f (.const:xdc_runtime_Error_Module__loggerFxn8__C)
                  0000d738    00000004     rtos_pem4f.oem4f (.const:xdc_runtime_Error_Module__loggerObj__C)
                  0000d73c    00000004     rtos_pem4f.oem4f (.const:xdc_runtime_Error_policyFxn__C)
                  0000d740    00000004     rtos_pem4f.oem4f (.const:xdc_runtime_Error_raiseHook__C)
                  0000d744    00000004     rtos_pem4f.oem4f (.const:xdc_runtime_IGateProvider_Interface__BASE__C)
                  0000d748    00000004     rtos_pem4f.oem4f (.const:xdc_runtime_IHeap_Interface__BASE__C)
                  0000d74c    00000004     rtos_pem4f.oem4f (.const:xdc_runtime_IModule_Interface__BASE__C)
                  0000d750    00000004     rtos_pem4f.oem4f (.const:xdc_runtime_Log_L_error__C)
                  0000d754    00000004     rtos_pem4f.oem4f (.const:xdc_runtime_Memory_defaultHeapInstance__C)
                  0000d758    00000004     rtos_pem4f.oem4f (.const:xdc_runtime_Startup_execImpl__C)
                  0000d75c    00000004     rtos_pem4f.oem4f (.const:xdc_runtime_Startup_maxPasses__C)
                  0000d760    00000004     rtos_pem4f.oem4f (.const:xdc_runtime_Startup_sfxnRts__C)
                  0000d764    00000004     rtos_pem4f.oem4f (.const:xdc_runtime_Startup_sfxnTab__C)
                  0000d768    00000004     rtos_pem4f.oem4f (.const:xdc_runtime_SysMin_bufSize__C)
                  0000d76c    00000004     rtos_pem4f.oem4f (.const:xdc_runtime_SysMin_outputFunc__C)
                  0000d770    00000004     rtos_pem4f.oem4f (.const:xdc_runtime_System_Module__gateObj__C)
                  0000d774    00000004     rtos_pem4f.oem4f (.const:xdc_runtime_System_abortFxn__C)
                  0000d778    00000004     rtos_pem4f.oem4f (.const:xdc_runtime_System_exitFxn__C)
                  0000d77c    00000004     rtos_pem4f.oem4f (.const:xdc_runtime_System_extendFxn__C)
                  0000d780    00000004     rtos_pem4f.oem4f (.const:xdc_runtime_System_maxAtexitHandlers__C)
                  0000d784    00000004     rtos_pem4f.oem4f (.const:xdc_runtime_Text_charTab__C)
                  0000d788    00000004     rtos_pem4f.oem4f (.const:xdc_runtime_Text_nameEmpty__C)
                  0000d78c    00000004     rtos_pem4f.oem4f (.const:xdc_runtime_Text_nameStatic__C)
                  0000d790    00000004     rtos_pem4f.oem4f (.const:xdc_runtime_Text_nameUnknown__C)
                  0000d794    00000004     rtos_pem4f.oem4f (.const:xdc_runtime_Text_nodeTab__C)
                  0000d798    00000004     rtos_pem4f.oem4f (.const:xdc_runtime_Text_visitRopeFxn__C)
                  0000d79c    00000002     rtos_pem4f.oem4f (.const:ti_sysbios_family_arm_lm4_TimestampProvider_Module__id__C)
                  0000d79e    00000002     rtos_pem4f.oem4f (.const:ti_sysbios_family_arm_lm4_TimestampProvider_useClockTimer__C)
                  0000d7a0    00000002     rtos_pem4f.oem4f (.const:ti_sysbios_family_arm_m3_Hwi_Module__id__C)
                  0000d7a2    00000002     rtos_pem4f.oem4f (.const:ti_sysbios_gates_GateMutex_Module__id__C)
                  0000d7a4    00000002     rtos_pem4f.oem4f (.const:ti_sysbios_hal_Hwi_Module__id__C)
                  0000d7a6    00000002     rtos_pem4f.oem4f (.const:ti_sysbios_heaps_HeapMem_Module__id__C)
                  0000d7a8    00000002     rtos_pem4f.oem4f (.const:ti_sysbios_knl_Event_Module__id__C)
                  0000d7aa    00000002     rtos_pem4f.oem4f (.const:ti_sysbios_knl_Semaphore_Module__id__C)
                  0000d7ac    00000002     rtos_pem4f.oem4f (.const:ti_sysbios_knl_Task_Module__id__C)
                  0000d7ae    00000002     rtos_pem4f.oem4f (.const:xdc_runtime_Core_Module__id__C)
                  0000d7b0    00000002     rtos_pem4f.oem4f (.const:xdc_runtime_Error_Module__loggerDefined__C)
                  0000d7b2    00000002     rtos_pem4f.oem4f (.const:xdc_runtime_Error_maxDepth__C)
                  0000d7b4    00000002     rtos_pem4f.oem4f (.const:xdc_runtime_Memory_Module__id__C)
                  0000d7b6    00000002     rtos_pem4f.oem4f (.const:xdc_runtime_SysMin_flushAtExit__C)
                  0000d7b8    00000002     rtos_pem4f.oem4f (.const:xdc_runtime_Text_charCnt__C)
                  0000d7ba    00000002     rtos_pem4f.oem4f (.const:xdc_runtime_Text_isLoaded__C)
                  0000d7bc    00000002     rtos_pem4f.oem4f (.const:xdc_runtime_Text_registryModsLastId__C)
                  0000d7be    00000002     rtos_pem4f.oem4f (.const:xdc_runtime_Text_unnamedModsLastId__C)

.text      0    0000d7c0    0000b3fa     
                  0000d7c0    00000a4e     rtsv7M4_T_le_v4SPD16_eabi.lib : _printfi.c.obj (.text:__TI_printfi)
                  0000e20e    00000002                                   : _lock.c.obj (.text:_nop)
                  0000e210    00000738                                   : k_rem_pio2.c.obj (.text:__kernel_rem_pio2)
                  0000e948    000005e0                                   : s_sin.c.obj (.text:sin)
                  0000ef28    000005dc                                   : s_cos.c.obj (.text:cos)
                  0000f504    00000004     driverlib.lib : adc.obj (.text:ADCIntClearEx)
                  0000f508    00000430     sysbios.aem4f : BIOS.obj (.text:ti_sysbios_family_arm_m3_Hwi_excDumpRegs__I)
                  0000f938    00000360     main.obj (.text:displayTask_func)
                  0000fc98    0000034c     ti.targets.arm.rtsarm.aem4f : System.oem4f (.text:xdc_runtime_System_doPrint__I)
                  0000ffe4    00000004     driverlib.lib : timer.obj (.text:TimerIntClear)
                  0000ffe8    000002d0     sysbios.aem4f : BIOS.obj (.text:ti_sysbios_knl_Semaphore_pend__E)
                  000102b8    0000028e     kiss_fft.obj (.text:kf_bfly5)
                  00010546    00000002     rtsv7M4_T_le_v4SPD16_eabi.lib : div0.asm.obj (.text)
                  00010548    00000270                                   : _printfi.c.obj (.text:_pconv_a)
                  000107b8    0000026c     sysbios.aem4f : BIOS.obj (.text:ti_sysbios_heaps_HeapMem_free__E)
                  00010a24    00000256     grlib.lib : string.obj (.text:GrFontGlyphRender)
                  00010c7a    00000006     driverlib.lib : gpio.obj (.text:GPIOPinRead)
                  00010c80    00000250     sysbios.aem4f : BIOS.obj (.text:ti_sysbios_heaps_HeapMem_alloc__E)
                  00010ed0    0000020c     sampling.obj (.text:processingTask_func)
                  000110dc    00000204     Boot.aem4f : Boot_sysctl.oem4f (.text:ti_catalog_arm_cortexm4_tiva_ce_Boot_sysCtlClockFreqSetI__I)
                  000112e0    000001f4     sysbios.aem4f : BIOS.obj (.text:ti_sysbios_family_arm_m3_Hwi_excHandlerMax__I)
                  000114d4    00000004     rtsv7M4_T_le_v4SPD16_eabi.lib : exit.c.obj (.text:abort:abort)
                  000114d8    000001f0     kiss_fft.obj (.text:kf_bfly4)
                  000116c8    000001d0     rtsv7M4_T_le_v4SPD16_eabi.lib : _printfi.c.obj (.text:_pconv_g)
                  00011898    000001b6                                   : fd_add_t2.asm.obj (.text)
                  00011a4e    00000002     --HOLE-- [fill = 0]
                  00011a50    000001b4     kiss_fft.obj (.text:kf_bfly3)
                  00011c04    00000174     rtsv7M4_T_le_v4SPD16_eabi.lib : k_sin.c.obj (.text:__kernel_sin)
                  00011d78    00000174     sysbios.aem4f : BIOS.obj (.text:ti_sysbios_family_arm_m3_Hwi_excBusFault__I)
                  00011eec    00000170     rtsv7M4_T_le_v4SPD16_eabi.lib : k_cos.c.obj (.text:__kernel_cos)
                  0001205c    00000004     sysbios.aem4f : BIOS.obj (.text:ti_sysbios_family_arm_lm4_Timer_masterEnable__I)
                  00012060    00000164                   : BIOS.obj (.text:ti_sysbios_family_arm_m3_Hwi_excUsageFault__I)
                  000121c4    0000015c     rtsv7M4_T_le_v4SPD16_eabi.lib : e_log10f.c.obj (.text:log10f)
                  00012320    0000015c     buttons.obj (.text:userInputTask_func)
                  0001247c    00000158     rtsv7M4_T_le_v4SPD16_eabi.lib : e_sqrt.c.obj (.text:sqrt)
                  000125d4    00000004     ti.targets.arm.rtsarm.aem4f : Error.oem4f (.text:xdc_runtime_Error_getSite__E)
                  000125d8    00000148     sampling.obj (.text:PWM_Init)
                  00012720    00000148     sysbios.aem4f : BIOS.obj (.text:ti_sysbios_family_arm_m3_Hwi_excMemFault__I)
                  00012868    0000013c     rtsv7M4_T_le_v4SPD16_eabi.lib : _printfi.c.obj (.text:_pconv_e)
                  000129a4    00000004     ti.targets.arm.rtsarm.aem4f : System.oem4f (.text:xdc_runtime_System_aprintf_va__F)
                  000129a8    0000013c     sysbios.aem4f : BIOS.obj (.text:ti_sysbios_heaps_HeapMem_Instance_init__E)
                  00012ae4    00000136     rtsv7M4_T_le_v4SPD16_eabi.lib : fd_div_t2.asm.obj (.text)
                  00012c1a    00000130     driverlib.lib : gpio.obj (.text:GPIOPadConfigSet)
                  00012d4a    00000002     --HOLE-- [fill = 0]
                  00012d4c    00000124     rtsv7M4_T_le_v4SPD16_eabi.lib : _printfi.c.obj (.text:fcvt)
                  00012e70    0000011c     buttons.obj (.text:ButtonInit)
                  00012f8c    00000118     ti.targets.arm.rtsarm.aem4f : Error.oem4f (.text:xdc_runtime_Error_policyDefault__E)
                  000130a4    00000004                                 : System.oem4f (.text:xdc_runtime_System_printf_va__F)
                  000130a8    00000114     sampling.obj (.text:DMA_Init)
                  000131bc    00000004     --HOLE-- [fill = 0]
                  000131c0    00000114     buttons.obj (.text:buttonTask_func)
                  000132d4    00000110     rtsv7M4_T_le_v4SPD16_eabi.lib : s_scalbn.c.obj (.text:scalbn)
                  000133e4    00000004     --HOLE-- [fill = 0]
                  000133e8    00000108     sysbios.aem4f : BIOS.obj (.text:ti_sysbios_family_arm_lm4_Timer_start__E)
                  000134f0    00000106     grlib.lib : line.obj (.text:GrLineDraw)
                  000135f6    00000002     --HOLE-- [fill = 0]
                  000135f8    00000104     sysbios.aem4f : BIOS.obj (.text:ti_sysbios_knl_Event_post__E)
                  000136fc    00000100     ti.targets.arm.rtsarm.aem4f : Core-mem.oem4f (.text:xdc_runtime_Core_createObject__I)
                  000137fc    00000004     --HOLE-- [fill = 0]
                  00013800    000000fc     kiss_fft.obj (.text:kf_bfly_generic)
                  000138fc    000000fc     rtsv7M4_T_le_v4SPD16_eabi.lib : fd_mul_t2.asm.obj (.text)
                  000139f8    000000fc     sysbios.aem4f : BIOS.obj (.text:ti_sysbios_knl_Semaphore_post__E)
                  00013af4    00000004     --HOLE-- [fill = 0]
                  00013af8    000000fc     rtos_pem4f.oem4f (.text:xdc_runtime_System_printfExtend__I)
                  00013bf4    000000f8     rtsv7M4_T_le_v4SPD16_eabi.lib : s_floor.c.obj (.text:floor)
                  00013cec    000000f8     ti.targets.arm.rtsarm.aem4f : Startup.oem4f (.text:xdc_runtime_Startup_startMods__I)
                  00013de4    000000f4     sysbios.aem4f : m3_Hwi_asm.obj (.text:ti_sysbios_family_arm_m3_Hwi_dispatch__I)
                  00013ed8    000000e2     kiss_fft.obj (.text:kf_work)
                  00013fba    00000006     driverlib.lib : gpio.obj (.text:GPIOPinWrite)
                  00013fc0    000000dc     Crystalfontz128x128_ST7735.obj (.text:Crystalfontz128x128_PixelDrawMultiple)
                  0001409c    00000004     --HOLE-- [fill = 0]
                  000140a0    000000d4     buttons.obj (.text:ButtonReadJoystick)
                  00014174    00000004     --HOLE-- [fill = 0]
                  00014178    000000cc     kiss_fft.obj (.text:kiss_fft_alloc)
                  00014244    000000cc     ti.targets.arm.rtsarm.aem4f : Core-smem.oem4f (.text:xdc_runtime_Core_constructObject__I)
                  00014310    000000c4     grlib.lib : string.obj (.text:GrDefaultStringRenderer)
                  000143d4    000000c0               : line.obj (.text:GrLineClip)
                  00014494    00000004     --HOLE-- [fill = 0]
                  00014498    000000bc     Crystalfontz128x128_ST7735.obj (.text:Crystalfontz128x128_Init)
                  00014554    00000004     --HOLE-- [fill = 0]
                  00014558    000000bc     sysbios.aem4f : BIOS.obj (.text:ti_sysbios_family_arm_m3_Hwi_excDebugMon__I)
                  00014614    00000004     --HOLE-- [fill = 0]
                  00014618    000000bc                   : BIOS.obj (.text:ti_sysbios_family_arm_m3_Hwi_excHardFault__I)
                  000146d4    000000b4     rtsv7M4_T_le_v4SPD16_eabi.lib : s_cosf.c.obj (.text:cosf)
                  00014788    000000b4     sysbios.aem4f : BIOS.obj (.text:ti_sysbios_gates_GateMutex_enter__E)
                  0001483c    00000004     --HOLE-- [fill = 0]
                  00014840    000000b4                   : BIOS.obj (.text:ti_sysbios_knl_Task_checkStacks__E)
                  000148f4    000000b1     rtsv7M4_T_le_v4SPD16_eabi.lib : _printfi.c.obj (.text:_ltostr)
                  000149a5    00000003     --HOLE-- [fill = 0]
                  000149a8    000000ac     sysbios.aem4f : BIOS.obj (.text:ti_sysbios_family_arm_lm4_Timer_enableTiva__I)
                  00014a54    000000a0     auto_init.aem4f : auto_init.oem4f (.text)
                  00014af4    000000a0     ti.targets.arm.rtsarm.aem4f : Text.oem4f (.text:xdc_runtime_Text_putMod__E)
                  00014b94    00000004     --HOLE-- [fill = 0]
                  00014b98    0000009c     Crystalfontz128x128_ST7735.obj (.text:Crystalfontz128x128_SetDrawFrame)
                  00014c34    0000009c     rtsv7M4_T_le_v4SPD16_eabi.lib : memcpy_t2.asm.obj (.text)
                  00014cd0    0000009a     ti.targets.arm.rtsarm.aem4f : Text.oem4f (.text:xdc_runtime_Text_putSite__E)
                  00014d6a    00000002     --HOLE-- [fill = 0]
                  00014d6c    00000098     Boot.aem4f : Boot.oem4f (.text:ti_catalog_arm_cortexm4_tiva_ce_Boot_sysCtlClockFreqSet__E)
                  00014e04    00000096     rtsv7M4_T_le_v4SPD16_eabi.lib : ull_div_t2.asm.obj (.text)
                  00014e9a    00000006     grlib.lib : string.obj (.text:GrContextFontSet)
                  00014ea0    00000094     sysbios.aem4f : BIOS.obj (.text:ti_sysbios_family_arm_m3_Hwi_initNVIC__E)
                  00014f34    00000004     --HOLE-- [fill = 0]
                  00014f38    00000094                   : BIOS.obj (.text:ti_sysbios_knl_Task_postInit__I)
                  00014fcc    0000008c                   : m3_TaskSupport_asm.obj (.text:ti_sysbios_family_arm_m3_TaskSupport_buildTaskStack)
                  00015058    00000088                   : BIOS.obj (.text:ti_sysbios_knl_Mailbox_post__E)
                  000150e0    00000086     grlib.lib : rectangle.obj (.text:GrRectFill)
                  00015166    00000086     rtsv7M4_T_le_v4SPD16_eabi.lib : fd_cmp_t2.asm.obj (.text:__aeabi_cdcmple)
                  000151ec    00000086                                   : fd_cmp_t2.asm.obj (.text:__aeabi_cdrcmple)
                  00015272    00000006     driverlib.lib : sysctl.obj (.text:SysCtlDelay)
                  00015278    00000084     sysbios.aem4f : BIOS.obj (.text:ti_sysbios_family_arm_m3_Hwi_postInit__I)
                  000152fc    00000084     driverlib.lib : udma.obj (.text:uDMAChannelTransferSet)
                  00015380    00000084     sampling.obj (.text:waveformTask_func)
                  00015404    00000004     --HOLE-- [fill = 0]
                  00015408    00000080     Crystalfontz128x128_ST7735.obj (.text:Crystalfontz128x128_RectFill)
                  00015488    00000080     rtsv7M4_T_le_v4SPD16_eabi.lib : s_floorf.c.obj (.text:floorf)
                  00015508    00000080     kiss_fft.obj (.text:kf_bfly2)
                  00015588    0000007c     sampling.obj (.text:FreqTimer)
                  00015604    00000004     --HOLE-- [fill = 0]
                  00015608    0000007c     sampling.obj (.text:frequencyTask_func)
                  00015684    0000007a     driverlib.lib : adc.obj (.text:ADCSequenceStepConfigure)
                  000156fe    0000007a     rtsv7M4_T_le_v4SPD16_eabi.lib : memset_t2.asm.obj (.text)
                  00015778    00000078     HAL_EK_TM4C1294XL_Crystalfontz128x128_ST7735.obj (.text:HAL_LCD_PortInit)
                  000157f0    00000078     HAL_EK_TM4C1294XL_Crystalfontz128x128_ST7735.obj (.text:HAL_LCD_SpiInit)
                  00015868    00000078     sampling.obj (.text:RisingTrigger)
                  000158e0    00000074     sampling.obj (.text:ADC_ISR)
                  00015954    00000004     --HOLE-- [fill = 0]
                  00015958    00000074     sysbios.aem4f : BIOS.obj (.text:ti_sysbios_knl_Mailbox_pend__E)
                  000159cc    00000004     --HOLE-- [fill = 0]
                  000159d0    00000070                   : BIOS.obj (.text:ti_sysbios_knl_Clock_workFunc__E)
                  00015a40    00000070                   : BIOS.obj (.text:ti_sysbios_knl_Semaphore_Instance_init__E)
                  00015ab0    00000070                   : BIOS.obj (.text:ti_sysbios_knl_Task_exit__E)
                  00015b20    0000006e     rtsv7M4_T_le_v4SPD16_eabi.lib : _printfi.c.obj (.text:_mcpy)
                  00015b8e    0000006e                                   : s_roundf.c.obj (.text:roundf)
                  00015bfc    0000006e                                   : fd_tos_t2.asm.obj (.text)
                  00015c6a    00000002     --HOLE-- [fill = 0]
                  00015c6c    0000006d     ti.targets.arm.rtsarm.aem4f : System.oem4f (.text:xdc_runtime_System_formatNum__I)
                  00015cd9    00000001     --HOLE-- [fill = 0]
                  00015cda    00000006                                 : System.oem4f (.text:xdc_runtime_System_Module_startup__E)
                  00015ce0    0000006c     kiss_fft.obj (.text:kf_factor)
                  00015d4c    00000004     --HOLE-- [fill = 0]
                  00015d50    0000006c     sysbios.aem4f : BIOS.obj (.text:ti_sysbios_knl_Swi_restoreHwi__E)
                  00015dbc    0000006c     ti.targets.arm.rtsarm.aem4f : Error.oem4f (.text:xdc_runtime_Error_print__E)
                  00015e28    0000006c                                 : Memory.oem4f (.text:xdc_runtime_Memory_alloc__E)
                  00015e94    00000068     grlib.lib : context.obj (.text:GrContextInit)
                  00015efc    00000068     rtsv7M4_T_le_v4SPD16_eabi.lib : copy_decompress_lzss.c.obj (.text:decompress:lzss:__TI_decompress_lzss)
                  00015f64    00000004     --HOLE-- [fill = 0]
                  00015f68    00000068     sysbios.aem4f : BIOS.obj (.text:ti_sysbios_family_arm_lm4_TimestampProvider_initTimerHandle__I)
                  00015fd0    00000066     ti.targets.arm.rtsarm.aem4f : Core-mem.oem4f (.text:xdc_runtime_Core_deleteObject__I)
                  00016036    00000002     --HOLE-- [fill = 0]
                  00016038    00000064     rtsv7M4_T_le_v4SPD16_eabi.lib : s_frexp.c.obj (.text:frexp)
                  0001609c    00000004     --HOLE-- [fill = 0]
                  000160a0    00000064     sysbios.aem4f : BIOS.obj (.text:ti_sysbios_family_arm_lm4_Timer_Module_startup__E)
                  00016104    00000004     --HOLE-- [fill = 0]
                  00016108    00000064                   : BIOS.obj (.text:ti_sysbios_family_arm_m3_Hwi_dispatchC__I)
                  0001616c    00000004     --HOLE-- [fill = 0]
                  00016170    00000060     buttons.obj (.text:ButtonDebounce)
                  000161d0    00000060     driverlib.lib : timer.obj (.text:TimerConfigure)
                  00016230    00000060     sysbios.aem4f : BIOS.obj (.text:ti_sysbios_knl_Task_schedule__I)
                  00016290    0000005c     kiss_fft.obj (.text:kiss_fft_stride)
                  000162ec    00000004     --HOLE-- [fill = 0]
                  000162f0    0000005c     sysbios.aem4f : BIOS.obj (.text:ti_sysbios_knl_Swi_run__I)
                  0001634c    00000004     --HOLE-- [fill = 0]
                  00016350    0000005c                   : BIOS.obj (.text:ti_sysbios_knl_Swi_schedule__I)
                  000163ac    00000004     --HOLE-- [fill = 0]
                  000163b0    0000005c                   : BIOS.obj (.text:ti_sysbios_knl_Task_Module_startup__E)
                  0001640c    00000004     --HOLE-- [fill = 0]
                  00016410    0000005c                   : BIOS.obj (.text:ti_sysbios_knl_Task_startCore__E)
                  0001646c    0000005b     ti.targets.arm.rtsarm.aem4f : Text.oem4f (.text:xdc_runtime_Text_putLab__E)
                  000164c7    00000001     --HOLE-- [fill = 0]
                  000164c8    0000005a     grlib.lib : string.obj (.text:FontWideGlyphDataGet)
                  00016522    00000006     --HOLE-- [fill = 0]
                  00016528    00000058     buttons.obj (.text:ButtonAutoRepeat)
                  00016580    00000058     boot.aem4f : boot.oem4f (.text)
                  000165d8    00000058     rtsv7M4_T_le_v4SPD16_eabi.lib : hostwrite.c.obj (.text:HOSTwrite)
                  00016630    00000058     sysbios.aem4f : m3_Hwi_asm_switch.obj (.text:ti_sysbios_family_arm_m3_Hwi_initStacks__E)
                  00016688    00000056     rtsv7M4_T_le_v4SPD16_eabi.lib : _printfi.c.obj (.text:_pconv_f)
                  000166de    00000002     --HOLE-- [fill = 0]
                  000166e0    00000054     sampling.obj (.text:PWM_ISR)
                  00016734    00000054     rtsv7M4_T_le_v4SPD16_eabi.lib : _ltoa.c.obj (.text:__TI_ltoa)
                  00016788    00000054     sysbios.aem4f : BIOS.obj (.text:ti_sysbios_family_arm_lm4_Timer_initDevice__I)
                  000167dc    00000054     ti.targets.arm.rtsarm.aem4f : Assert.oem4f (.text:xdc_runtime_Assert_raise__I)
                  00016830    00000052     rtsv7M4_T_le_v4SPD16_eabi.lib : _printfi.c.obj (.text:_ecpy)
                  00016882    00000002     --HOLE-- [fill = 0]
                  00016884    00000050     Boot.aem4f : Boot_sysctl.oem4f (.text:_SysCtlFrequencyGet)
                  000168d4    00000004     --HOLE-- [fill = 0]
                  000168d8    00000050     sysbios.aem4f : BIOS.obj (.text:ti_sysbios_family_arm_m3_Hwi_Module_startup__E)
                  00016928    00000050     ti.targets.arm.rtsarm.aem4f : Startup.oem4f (.text:xdc_runtime_Startup_exec__E)
                  00016978    00000050                                 : Text.oem4f (.text:xdc_runtime_Text_visitRope2__I)
                  000169c8    0000004c     sampling.obj (.text:Capture_ISR)
                  00016a14    0000004c     rtsv7M4_T_le_v4SPD16_eabi.lib : atoi.c.obj (.text:atoi)
                  00016a60    0000004c                                   : cpy_tbl.c.obj (.text:copy_in)
                  00016aac    0000004c                                   : snprintf.c.obj (.text:snprintf)
                  00016af8    0000004c     sysbios.aem4f : BIOS.obj (.text:ti_sysbios_heaps_HeapMem_getStats__E)
                  00016b44    00000004     --HOLE-- [fill = 0]
                  00016b48    0000004c                   : BIOS.obj (.text:ti_sysbios_knl_Swi_runLoop__I)
                  00016b94    00000004     --HOLE-- [fill = 0]
                  00016b98    0000004c                   : BIOS.obj (.text:ti_sysbios_knl_Task_allBlockedFunction__I)
                  00016be4    0000004a     grlib.lib : string.obj (.text:UpdateContextCharMapping)
                  00016c2e    00000002     --HOLE-- [fill = 0]
                  00016c30    00000048     driverlib.lib : gpio.obj (.text:GPIOPinConfigure)
                  00016c78    00000048     HAL_EK_TM4C1294XL_Crystalfontz128x128_ST7735.obj (.text:HAL_LCD_writeCommand)
                  00016cc0    00000048     sysctl_pll.obj (.text:SysCtlFrequencyGet)
                  00016d08    00000048     sampling.obj (.text:getADCBufferIndex)
                  00016d50    00000048     rtsv7M4_T_le_v4SPD16_eabi.lib : fd_toi_t2.asm.obj (.text)
                  00016d98    00000048     sysbios.aem4f : BIOS.obj (.text:ti_sysbios_family_arm_lm4_Timer_enableTimers__I)
                  00016de0    00000048                   : BIOS.obj (.text:ti_sysbios_family_arm_m3_Hwi_disableInterrupt__E)
                  00016e28    00000048                   : BIOS.obj (.text:ti_sysbios_family_arm_m3_Hwi_enableInterrupt__E)
                  00016e70    00000048                   : BIOS.obj (.text:ti_sysbios_family_arm_m3_Hwi_excReserved__I)
                  00016eb8    00000048                   : BIOS.obj (.text:ti_sysbios_knl_Mailbox_Module_startup__E)
                  00016f00    00000048     driverlib.lib : udma.obj (.text:uDMAChannelAttributeDisable)
                  00016f48    00000046     grlib.lib : line.obj (.text:GrLineDrawH)
                  00016f8e    00000046               : line.obj (.text:GrLineDrawV)
                  00016fd4    00000046     ti.targets.arm.rtsarm.aem4f : Core-params.oem4f (.text:xdc_runtime_Core_assignParams__I)
                  0001701a    00000006     --HOLE-- [fill = 0]
                  00017020    00000044     Crystalfontz128x128_ST7735.obj (.text:Crystalfontz128x128_SetOrientation)
                  00017064    00000004     --HOLE-- [fill = 0]
                  00017068    00000044     sysbios.aem4f : BIOS.obj (.text:ti_sysbios_family_arm_lm4_Timer_isrStub__E)
                  000170ac    00000004     --HOLE-- [fill = 0]
                  000170b0    00000044                   : BIOS.obj (.text:ti_sysbios_family_arm_m3_Hwi_getStackInfo__E)
                  000170f4    00000004     --HOLE-- [fill = 0]
                  000170f8    00000044                   : BIOS.obj (.text:ti_sysbios_knl_Swi_post__E)
                  0001713c    00000044     ti.targets.arm.rtsarm.aem4f : Error.oem4f (.text:xdc_runtime_Error_setX__E)
                  00017180    00000044                                 : SysMin.oem4f (.text:xdc_runtime_SysMin_flush__E)
                  000171c4    00000044                                 : Text.oem4f (.text:xdc_runtime_Text_xprintf__I)
                  00017208    00000040     Crystalfontz128x128_ST7735.obj (.text:Crystalfontz128x128_LineDrawH)
                  00017248    00000040     sampling.obj (.text:cpu_clock_init)
                  00017288    00000040     rtsv7M4_T_le_v4SPD16_eabi.lib : u_divt2.asm.obj (.text)
                  000172c8    00000040     sysbios.aem4f : BIOS.obj (.text:ti_sysbios_family_arm_lm4_Timer_startup__E)
                  00017308    0000003e     driverlib.lib : adc.obj (.text:ADCSequenceConfigure)
                  00017346    0000003e     rtsv7M4_T_le_v4SPD16_eabi.lib : _printfi.c.obj (.text:_fcpy)
                  00017384    0000003c     driverlib.lib : ssi.obj (.text:SSIConfigSetExpClk)
                  000173c0    0000003c     sysbios.aem4f : BIOS.obj (.text:ti_sysbios_family_arm_m3_Hwi_excSvCall__I)
                  000173fc    00000004     --HOLE-- [fill = 0]
                  00017400    0000003c                   : BIOS.obj (.text:ti_sysbios_heaps_HeapMem_init__I)
                  0001743c    00000004     --HOLE-- [fill = 0]
                  00017440    0000003c                   : BIOS.obj (.text:ti_sysbios_knl_Swi_restore__E)
                  0001747c    0000003a     grlib.lib : string.obj (.text:FontGlyphDataGet)
                  000174b6    00000002     --HOLE-- [fill = 0]
                  000174b8    00000038     Crystalfontz128x128_ST7735.obj (.text:Crystalfontz128x128_Flush)
                  000174f0    00000038     rtsv7M4_T_le_v4SPD16_eabi.lib : trgmsg.c.obj (.text:__TI_writemsg)
                  00017528    00000038                                   : fs_tod_t2.asm.obj (.text)
                  00017560    00000038     sysbios.aem4f : BIOS.obj (.text:ti_sysbios_family_arm_m3_Hwi_excNoIsr__I)
                  00017598    00000038                   : BIOS.obj (.text:ti_sysbios_knl_Task_processVitalTaskFlag__I)
                  000175d0    00000038     ti.targets.arm.rtsarm.aem4f : SysMin.oem4f (.text:xdc_runtime_SysMin_putch__E)
                  00017608    00000038                                 : System.oem4f (.text:xdc_runtime_System_atexit__E)
                  00017640    00000036     grlib.lib : line.obj (.text:GrClipCodeGet)
                  00017676    00000002     --HOLE-- [fill = 0]
                  00017678    00000034     driverlib.lib : sysctl.obj (.text:SysCtlPeripheralEnable)
                  000176ac    00000034     rtsv7M4_T_le_v4SPD16_eabi.lib : trgmsg.c.obj (.text:__TI_readmsg)
                  000176e0    00000034     main.obj (.text:main)
                  00017714    00000004     --HOLE-- [fill = 0]
                  00017718    00000034     sysbios.aem4f : BIOS.obj (.text:ti_sysbios_family_arm_m3_Hwi_excNmi__I)
                  0001774c    00000004     --HOLE-- [fill = 0]
                  00017750    00000034                   : BIOS.obj (.text:ti_sysbios_hal_Hwi_checkStack)
                  00017784    00000034     ti.targets.arm.rtsarm.aem4f : Core-label.oem4f (.text:xdc_runtime_Core_assignLabel__I)
                  000177b8    00000033                                 : Text.oem4f (.text:xdc_runtime_Text_printVisFxn__I)
                  000177eb    00000005     --HOLE-- [fill = 0]
                  000177f0    00000032     sysbios.aem4f : BIOS.obj (.text:ti_sysbios_hal_Hwi_initStack)
                  00017822    00000030     rtsv7M4_T_le_v4SPD16_eabi.lib : snprintf.c.obj (.text:_outs)
                  00017852    00000006     --HOLE-- [fill = 0]
                  00017858    00000030     sampling.obj (.text:cpu_load_count)
                  00017888    00000030     rtos_pem4f.oem4f (.text:ti_sysbios_BIOS_atExitFunc__I)
                  000178b8    00000030     sysbios.aem4f : BIOS.obj (.text:ti_sysbios_family_arm_lm4_Timer_stop__E)
                  000178e8    00000030                   : BIOS.obj (.text:ti_sysbios_family_arm_m3_TaskSupport_start__E)
                  00017918    00000030     rtos_pem4f.oem4f (.text:ti_sysbios_gates_GateHwi_Object__create__S)
                  00017948    00000030     rtos_pem4f.oem4f (.text:ti_sysbios_gates_GateMutex_Object__create__S)
                  00017978    00000030     rtos_pem4f.oem4f (.text:ti_sysbios_heaps_HeapMem_Object__create__S)
                  000179a8    00000030     sysbios.aem4f : BIOS.obj (.text:ti_sysbios_knl_Mailbox_postInit__I)
                  000179d8    00000030     rtos_pem4f.oem4f (.text:ti_sysbios_knl_Semaphore_construct)
                  00017a08    00000030     sysbios.aem4f : BIOS.obj (.text:ti_sysbios_knl_Semaphore_pendTimeout__I)
                  00017a38    00000030                   : BIOS.obj (.text:ti_sysbios_knl_Task_unblockI__E)
                  00017a68    00000030     ti.targets.arm.rtsarm.aem4f : SysMin.oem4f (.text:xdc_runtime_SysMin_abort__E)
                  00017a98    00000030                                 : System.oem4f (.text:xdc_runtime_System_processAtExit__E)
                  00017ac8    0000002e     driverlib.lib : adc.obj (.text:ADCIntStatus)
                  00017af6    0000002e     grlib.lib : string.obj (.text:GrStringNextCharGet)
                  00017b24    00000004     --HOLE-- [fill = 0]
                  00017b28    0000002e     rtos_pem4f.oem4f (.text:malloc)
                  00017b56    0000002e     rtsv7M4_T_le_v4SPD16_eabi.lib : i_tofd_t2.asm.obj (.text)
                  00017b84    00000004     --HOLE-- [fill = 0]
                  00017b88    0000002c     main.obj (.text:LCD_Init)
                  00017bb4    00000004     --HOLE-- [fill = 0]
                  00017bb8    0000002c     rtos_pem4f.oem4f (.text:ti_sysbios_knl_Clock_doTick__I)
                  00017be4    00000004     --HOLE-- [fill = 0]
                  00017be8    0000002c     rtos_pem4f.oem4f (.text:ti_sysbios_knl_Queue_construct)
                  00017c14    00000004     --HOLE-- [fill = 0]
                  00017c18    0000002c     sysbios.aem4f : BIOS.obj (.text:ti_sysbios_knl_Task_restore__E)
                  00017c44    0000002c     driverlib.lib : udma.obj (.text:uDMAChannelAssign)
                  00017c70    0000002c     ti.targets.arm.rtsarm.aem4f : Text.oem4f (.text:xdc_runtime_Text_cordText__E)
                  00017c9c    0000002a     driverlib.lib : gpio.obj (.text:GPIODirModeSet)
                  00017cc6    0000002a     ti.targets.arm.rtsarm.aem4f : System.oem4f (.text:xdc_runtime_System_putchar__I)
                  00017cf0    00000028     sysbios.aem4f : BIOS.obj (.text:ti_sysbios_knl_Clock_addI__E)
                  00017d18    00000028                   : BIOS.obj (.text:ti_sysbios_knl_Semaphore_Instance_finalize__E)
                  00017d40    00000028                   : BIOS.obj (.text:ti_sysbios_knl_Swi_Module_startup__E)
                  00017d68    00000028     driverlib.lib : udma.obj (.text:uDMAChannelModeGet)
                  00017d90    00000026     grlib.lib : string.obj (.text:GrFontInfoGet)
                  00017db6    00000026     sysbios.aem4f : m3_Hwi_asm.obj (.text:ti_sysbios_family_arm_m3_Hwi_pendSV__I)
                  00017ddc    00000026     ti.targets.arm.rtsarm.aem4f : System.oem4f (.text:xdc_runtime_System_avprintf__E)
                  00017e02    00000006     --HOLE-- [fill = 0]
                  00017e08    00000024     rtos_pem4f.oem4f (.text:ti_sysbios_BIOS_errorRaiseHook__I)
                  00017e2c    00000004     --HOLE-- [fill = 0]
                  00017e30    00000024     rtos_pem4f.oem4f (.text:ti_sysbios_BIOS_registerRTSLock__I)
                  00017e54    00000004     --HOLE-- [fill = 0]
                  00017e58    00000024     rtos_pem4f.oem4f (.text:ti_sysbios_BIOS_removeRTSLock__I)
                  00017e7c    00000004     --HOLE-- [fill = 0]
                  00017e80    00000024     rtos_pem4f.oem4f (.text:ti_sysbios_BIOS_startFunc__I)
                  00017ea4    00000004     --HOLE-- [fill = 0]
                  00017ea8    00000024     rtos_pem4f.oem4f (.text:ti_sysbios_gates_GateMutex_Object__delete__S)
                  00017ecc    00000004     --HOLE-- [fill = 0]
                  00017ed0    00000024     sysbios.aem4f : BIOS.obj (.text:ti_sysbios_knl_Clock_Module_startup__E)
                  00017ef4    00000004     --HOLE-- [fill = 0]
                  00017ef8    00000024                   : BIOS.obj (.text:ti_sysbios_knl_Task_restoreHwi__E)
                  00017f1c    00000024     driverlib.lib : udma.obj (.text:uDMAChannelControlSet)
                  00017f40    00000024                   : udma.obj (.text:uDMAChannelSizeGet)
                  00017f64    00000024     ti.targets.arm.rtsarm.aem4f : System.oem4f (.text:xdc_runtime_System_vprintf__E)
                  00017f88    00000022     grlib.lib : string.obj (.text:GrFontGlyphDataGet)
                  00017faa    00000022     driverlib.lib : pwm.obj (.text:PWMGenConfigure)
                  00017fcc    00000004     --HOLE-- [fill = 0]
                  00017fd0    00000022     sysbios.aem4f : BIOS.obj (.text:ti_sysbios_family_arm_lm4_Timer_write__I)
                  00017ff2    00000006     --HOLE-- [fill = 0]
                  00017ff8    00000022     rtos_pem4f.oem4f (.text:xdc_runtime_SysMin_output__I)
                  0001801a    00000002     --HOLE-- [fill = 0]
                  0001801c    00000020     Boot.aem4f : Boot_sysctl.oem4f (.text:_SysCtlMemTimingGet)
                  0001803c    00000004     --HOLE-- [fill = 0]
                  00018040    00000020     rtos_pem4f.oem4f (.text:ti_sysbios_BIOS_rtsLock__I)
                  00018060    00000020     sysbios.aem4f : m3_Hwi_asm.obj (.text:ti_sysbios_family_arm_m3_Hwi_excHandlerAsm__I)
                  00018080    00000020                   : BIOS.obj (.text:ti_sysbios_family_arm_m3_Hwi_excHandler__I)
                  000180a0    00000020     rtos_pem4f.oem4f (.text:ti_sysbios_gates_GateHwi_Object__delete__S)
                  000180c0    00000020     rtos_pem4f.oem4f (.text:ti_sysbios_heaps_HeapMem_Object__delete__S)
                  000180e0    00000020     sysbios.aem4f : BIOS.obj (.text:ti_sysbios_knl_Idle_run__E)
                  00018100    00000020     rtos_pem4f.oem4f (.text:ti_sysbios_knl_Semaphore_Object__destruct__S)
                  00018120    00000020     ti.targets.arm.rtsarm.aem4f : Registry.oem4f (.text:xdc_runtime_Registry_findById__E)
                  00018140    00000020                                 : SysMin.oem4f (.text:xdc_runtime_SysMin_Module_startup__E)
                  00018160    0000001e     driverlib.lib : adc.obj (.text:ADCSequenceDataGet)
                  0001817e    00000002     --HOLE-- [fill = 0]
                  00018180    0000001e     Crystalfontz128x128_ST7735.obj (.text:Crystalfontz128x128_ColorTranslate)
                  0001819e    0000001e     grlib.lib : string.obj (.text:GrFontCodepageGet)
                  000181bc    0000001e     driverlib.lib : pwm.obj (.text:PWMPulseWidthSet)
                  000181da    0000001e     sysbios.aem4f : m3_Hwi_asm_switch.obj (.text:ti_sysbios_family_xxx_Hwi_switchAndRunFunc)
                  000181f8    0000001c     Crystalfontz128x128_ST7735.obj (.text:Crystalfontz128x128_LineDrawV)
                  00018214    0000001c     rtsv7M4_T_le_v4SPD16_eabi.lib : memccpy.c.obj (.text:memccpy)
                  00018230    0000001c     sysbios.aem4f : BIOS.obj (.text:ti_sysbios_gates_GateMutex_Instance_init__E)
                  0001824c    00000004     --HOLE-- [fill = 0]
                  00018250    0000001c     rtos_pem4f.oem4f (.text:ti_sysbios_knl_Queue_Object__destruct__S)
                  0001826c    00000004     --HOLE-- [fill = 0]
                  00018270    0000001c     sysbios.aem4f : BIOS.obj (.text:ti_sysbios_knl_Queue_get__E)
                  0001828c    00000004     --HOLE-- [fill = 0]
                  00018290    0000001c                   : BIOS.obj (.text:ti_sysbios_knl_Queue_put__E)
                  000182ac    00000004     --HOLE-- [fill = 0]
                  000182b0    0000001c                   : BIOS.obj (.text:ti_sysbios_knl_Task_enter__I)
                  000182cc    0000001c     ti.targets.arm.rtsarm.aem4f : Error.oem4f (.text:xdc_runtime_Error_raiseX__E)
                  000182e8    0000001c                                 : Memory.oem4f (.text:xdc_runtime_Memory_valloc__E)
                  00018304    0000001c                                 : SysMin.oem4f (.text:xdc_runtime_SysMin_exit__E)
                  00018320    0000001c                                 : System.oem4f (.text:xdc_runtime_System_abort__E)
                  0001833c    0000001a     rtsv7M4_T_le_v4SPD16_eabi.lib : s_copysign.c.obj (.text:copysign)
                  00018356    00000002     --HOLE-- [fill = 0]
                  00018358    0000001a     rtos_pem4f.oem4f (.text:free)
                  00018372    00000006     --HOLE-- [fill = 0]
                  00018378    0000001a     rtos_pem4f.oem4f (.text:ti_sysbios_family_arm_m3_Hwi_Handle__label__S)
                  00018392    00000006     --HOLE-- [fill = 0]
                  00018398    0000001a     rtos_pem4f.oem4f (.text:ti_sysbios_gates_GateHwi_Handle__label__S)
                  000183b2    00000006     --HOLE-- [fill = 0]
                  000183b8    0000001a     rtos_pem4f.oem4f (.text:ti_sysbios_gates_GateMutex_Handle__label__S)
                  000183d2    00000006     --HOLE-- [fill = 0]
                  000183d8    0000001a     rtos_pem4f.oem4f (.text:ti_sysbios_heaps_HeapMem_Handle__label__S)
                  000183f2    00000006     --HOLE-- [fill = 0]
                  000183f8    0000001a     rtos_pem4f.oem4f (.text:ti_sysbios_knl_Swi_Handle__label__S)
                  00018412    00000006     --HOLE-- [fill = 0]
                  00018418    0000001a     rtos_pem4f.oem4f (.text:ti_sysbios_knl_Task_Handle__label__S)
                  00018432    00000006     --HOLE-- [fill = 0]
                  00018438    0000001a     rtos_pem4f.oem4f (.text:xdc_runtime_System_aprintf__E)
                  00018452    00000006     --HOLE-- [fill = 0]
                  00018458    0000001a     rtos_pem4f.oem4f (.text:xdc_runtime_System_printf__E)
                  00018472    00000018     driverlib.lib : adc.obj (.text:ADCClockConfigSet)
                  0001848a    00000018                   : adc.obj (.text:ADCProcessorTrigger)
                  000184a2    00000018                   : gpio.obj (.text:GPIOPinTypeGPIOOutput)
                  000184ba    00000002     --HOLE-- [fill = 0]
                  000184bc    00000018     rtsv7M4_T_le_v4SPD16_eabi.lib : args_main.c.obj (.text:_args_main)
                  000184d4    00000018                                   : snprintf.c.obj (.text:_outc)
                  000184ec    00000004     --HOLE-- [fill = 0]
                  000184f0    00000018     rtos_pem4f.oem4f (.text:ti_sysbios_BIOS_rtsUnlock__I)
                  00018508    00000018     rtos_pem4f.oem4f (.text:ti_sysbios_family_arm_lm4_Timer_Module__startupDone__F)
                  00018520    00000018     rtos_pem4f.oem4f (.text:ti_sysbios_family_arm_m3_Hwi_Module__startupDone__F)
                  00018538    00000018     sysbios.aem4f : m3_TaskSupport_asm.obj (.text:ti_sysbios_family_arm_m3_TaskSupport_swap__E)
                  00018550    00000018                   : BIOS.obj (.text:ti_sysbios_gates_GateMutex_leave__E)
                  00018568    00000018     driverlib.lib : udma.obj (.text:uDMAChannelEnable)
                  00018580    00000018                   : udma.obj (.text:uDMAChannelIsEnabled)
                  00018598    00000018     ti.targets.arm.rtsarm.aem4f : Error.oem4f (.text:xdc_runtime_Error_check__E)
                  000185b0    00000018                                 : System.oem4f (.text:xdc_runtime_System_exit__E)
                  000185c8    00000018                                 : Text.oem4f (.text:xdc_runtime_Text_ropeText__E)
                  000185e0    00000016     grlib.lib : string.obj (.text:GrStringDraw)
                  000185f6    00000016     driverlib.lib : timer.obj (.text:TimerControlEvent)
                  0001860c    00000016     rtsv7M4_T_le_v4SPD16_eabi.lib : strchr.c.obj (.text:strchr)
                  00018622    00000006     --HOLE-- [fill = 0]
                  00018628    00000016     rtos_pem4f.oem4f (.text:ti_sysbios_BIOS_exitFunc__I)
                  0001863e    00000002     --HOLE-- [fill = 0]
                  00018640    00000014     Crystalfontz128x128_ST7735.obj (.text:Crystalfontz128x128_PixelDraw)
                  00018654    00000014     driverlib.lib : pwm.obj (.text:PWMClockSet)
                  00018668    00000014                   : timer.obj (.text:TimerDisable)
                  0001867c    00000014     rtsv7M4_T_le_v4SPD16_eabi.lib : strlen.c.obj (.text:strlen)
                  00018690    00000014     rtos_pem4f.oem4f (.text:ti_sysbios_family_arm_m3_Hwi_Object__get__S)
                  000186a4    00000004     --HOLE-- [fill = 0]
                  000186a8    00000014     sysbios.aem4f : BIOS.obj (.text:ti_sysbios_family_arm_m3_Hwi_switchFromBootStack__E)
                  000186bc    00000004     --HOLE-- [fill = 0]
                  000186c0    00000014     rtos_pem4f.oem4f (.text:ti_sysbios_heaps_HeapMem_Object__get__S)
                  000186d4    00000004     --HOLE-- [fill = 0]
                  000186d8    00000014     rtos_pem4f.oem4f (.text:ti_sysbios_knl_Mailbox_Object__get__S)
                  000186ec    00000004     --HOLE-- [fill = 0]
                  000186f0    00000014     rtos_pem4f.oem4f (.text:ti_sysbios_knl_Swi_Object__get__S)
                  00018704    00000012     driverlib.lib : gpio.obj (.text:GPIOPinTypeADC)
                  00018716    00000012                   : gpio.obj (.text:GPIOPinTypeGPIOInput)
                  00018728    00000012                   : gpio.obj (.text:GPIOPinTypePWM)
                  0001873a    00000012                   : gpio.obj (.text:GPIOPinTypeSSI)
                  0001874c    00000012                   : gpio.obj (.text:GPIOPinTypeTimer)
                  0001875e    00000012                   : pwm.obj (.text:PWMOutputState)
                  00018770    00000012                   : timer.obj (.text:TimerLoadSet)
                  00018782    00000012                   : timer.obj (.text:TimerPrescaleSet)
                  00018794    00000004     --HOLE-- [fill = 0]
                  00018798    00000012     sysbios.aem4f : BIOS.obj (.text:ti_sysbios_hal_Hwi_Module_startup__E)
                  000187aa    00000006     --HOLE-- [fill = 0]
                  000187b0    00000012                   : BIOS.obj (.text:ti_sysbios_knl_Event_sync__E)
                  000187c2    00000012     rtsv7M4_T_le_v4SPD16_eabi.lib : wcslen.c.obj (.text:wcslen)
                  000187d4    00000004     --HOLE-- [fill = 0]
                  000187d8    00000012     rtos_pem4f.oem4f (.text:xdc_runtime_Startup_exec__I)
                  000187ea    00000006     --HOLE-- [fill = 0]
                  000187f0    00000010     rtos_pem4f.oem4f (.text:.bootCodeSection:ti_catalog_arm_cortexm4_tiva_ce_Boot_init__I)
                  00018800    00000010     driverlib.lib : adc.obj (.text:ADCSequenceDMAEnable)
                  00018810    00000010                   : interrupt.obj (.text:IntMasterDisable)
                  00018820    00000010                   : interrupt.obj (.text:IntMasterEnable)
                  00018830    00000010                   : pwm.obj (.text:PWMGenPeriodSet)
                  00018840    00000010     sysbios.aem4f : BIOS.obj (.text:ti_sysbios_BIOS_setThreadType__E)
                  00018850    00000010                   : BIOS.obj (.text:ti_sysbios_BIOS_start__E)
                  00018860    00000010                   : m3_TaskSupport_asm.obj (.text:ti_sysbios_family_arm_m3_TaskSupport_glue)
                  00018870    00000010                   : BIOS.obj (.text:ti_sysbios_gates_GateMutex_Instance_finalize__E)
                  00018880    00000010                   : BIOS.obj (.text:ti_sysbios_knl_Swi_disable__E)
                  00018890    00000010     rtos_pem4f.oem4f (.text:ti_sysbios_knl_Task_Object__get__S)
                  000188a0    00000010     sysbios.aem4f : BIOS.obj (.text:ti_sysbios_knl_Task_disable__E)
                  000188b0    00000010     driverlib.lib : udma.obj (.text:uDMAEnable)
                  000188c0    00000010     ti.targets.arm.rtsarm.aem4f : Gate.oem4f (.text:xdc_runtime_Gate_leaveSystem__E)
                  000188d0    00000010                                 : Memory.oem4f (.text:xdc_runtime_Memory_free__E)
                  000188e0    00000010                                 : SysMin.oem4f (.text:xdc_runtime_SysMin_ready__E)
                  000188f0    00000010                                 : System.oem4f (.text:xdc_runtime_System_vsnprintf__E)
                  00018900    00000010     rtos_pem4f.oem4f (.text:xdc_runtime_Text_visitRope__I)
                  00018910    0000000e     driverlib.lib : adc.obj (.text:ADCSequenceDisable)
                  0001891e    0000000e                   : adc.obj (.text:ADCSequenceEnable)
                  0001892c    0000000e                   : timer.obj (.text:TimerEnable)
                  0001893a    0000000e     rtsv7M4_T_le_v4SPD16_eabi.lib : copy_decompress_none.c.obj (.text:decompress:none:__TI_decompress_none)
                  00018948    0000000e     sysbios.aem4f : BIOS.obj (.text:ti_sysbios_knl_Idle_loop__E)
                  00018956    00000002     --HOLE-- [fill = 0]
                  00018958    0000000e                   : BIOS.obj (.text:ti_sysbios_knl_Queue_empty__E)
                  00018966    0000000c     driverlib.lib : cpu.obj (.text:CPUcpsid)
                  00018972    0000000c                   : cpu.obj (.text:CPUcpsie)
                  0001897e    00000002     --HOLE-- [fill = 0]
                  00018980    0000000c     HAL_EK_TM4C1294XL_Crystalfontz128x128_ST7735.obj (.text:HAL_LCD_writeData)
                  0001898c    0000000c     driverlib.lib : pwm.obj (.text:PWMGenEnable)
                  00018998    0000000c     rtsv7M4_T_le_v4SPD16_eabi.lib : _lock.c.obj (.text:_register_lock)
                  000189a4    0000000c                                   : _lock.c.obj (.text:_register_unlock)
                  000189b0    0000000c     buttons.obj (.text:clock_func)
                  000189bc    0000000c     rtsv7M4_T_le_v4SPD16_eabi.lib : copy_zero_init.c.obj (.text:decompress:ZI:__TI_zero_init)
                  000189c8    0000000c     sampling.obj (.text:freq_func)
                  000189d4    00000004     --HOLE-- [fill = 0]
                  000189d8    0000000c     sysbios.aem4f : BIOS.obj (.text:ti_sysbios_family_arm_lm4_Timer_getMaxTicks__E)
                  000189e4    00000004     --HOLE-- [fill = 0]
                  000189e8    0000000c                   : BIOS.obj (.text:ti_sysbios_family_arm_m3_TaskSupport_checkStack__E)
                  000189f4    00000004     --HOLE-- [fill = 0]
                  000189f8    0000000c                   : BIOS.obj (.text:ti_sysbios_gates_GateHwi_enter__E)
                  00018a04    00000004     --HOLE-- [fill = 0]
                  00018a08    0000000c     rtos_pem4f.oem4f (.text:ti_sysbios_knl_Queue_Object__get__S)
                  00018a14    0000000c     driverlib.lib : udma.obj (.text:uDMAControlBaseSet)
                  00018a20    0000000c     ti.targets.arm.rtsarm.aem4f : Error.oem4f (.text:xdc_runtime_Error_init__E)
                  00018a2c    0000000c                                 : Gate.oem4f (.text:xdc_runtime_Gate_enterSystem__E)
                  00018a38    0000000c                                 : Memory.oem4f (.text:xdc_runtime_Memory_calloc__E)
                  00018a44    0000000c                                 : Memory.oem4f (.text:xdc_runtime_Memory_getMaxDefaultTypeAlign__E)
                  00018a50    0000000a     driverlib.lib : adc.obj (.text:ADCIntClear)
                  00018a5a    0000000a                   : pwm.obj (.text:PWMGenIntTrigEnable)
                  00018a64    0000000a                   : pwm.obj (.text:PWMIntDisable)
                  00018a6e    0000000a                   : ssi.obj (.text:SSIDataPut)
                  00018a78    0000000a                   : ssi.obj (.text:SSIEnable)
                  00018a82    0000000a                   : timer.obj (.text:TimerIntStatus)
                  00018a8c    0000000a                   : timer.obj (.text:TimerValueGet)
                  00018a96    00000002     --HOLE-- [fill = 0]
                  00018a98    0000000a     rtos_pem4f.oem4f (.text:xdc_runtime_IHeap_alloc)
                  00018aa2    00000006     --HOLE-- [fill = 0]
                  00018aa8    0000000a     rtos_pem4f.oem4f (.text:xdc_runtime_IHeap_free)
                  00018ab2    00000008     driverlib.lib : adc.obj (.text:ADCIntEnableEx)
                  00018aba    00000008     grlib.lib : charmap.obj (.text:GrMapISO8859_1_Unicode)
                  00018ac2    00000008     driverlib.lib : pwm.obj (.text:PWMIntEnable)
                  00018aca    00000008                   : ssi.obj (.text:SSIBusy)
                  00018ad2    00000008                   : timer.obj (.text:TimerIntEnable)
                  00018ada    00000002     --HOLE-- [fill = 0]
                  00018adc    00000008     rtsv7M4_T_le_v4SPD16_eabi.lib : errno.c.obj (.text:__aeabi_errno_addr)
                  00018ae4    00000008     sysbios.aem4f : BIOS.obj (.text:ti_sysbios_family_arm_lm4_Timer_masterDisable__I)
                  00018aec    00000004     --HOLE-- [fill = 0]
                  00018af0    00000008                   : BIOS.obj (.text:ti_sysbios_family_arm_m3_Hwi_doSwiRestore__I)
                  00018af8    00000008                   : BIOS.obj (.text:ti_sysbios_family_arm_m3_Hwi_startup__E)
                  00018b00    00000006     kiss_fft.obj (.text:kiss_fft)
                  00018b06    00000002     --HOLE-- [fill = 0]
                  00018b08    00000006     sysbios.aem4f : BIOS.obj (.text:ti_sysbios_family_arm_lm4_TimestampProvider_Module_startup__E)
                  00018b0e    00000002     --HOLE-- [fill = 0]
                  00018b10    00000006                   : BIOS.obj (.text:ti_sysbios_family_arm_m3_Hwi_doTaskRestore__I)
                  00018b16    00000002     --HOLE-- [fill = 0]
                  00018b18    00000006                   : BIOS.obj (.text:ti_sysbios_gates_GateHwi_leave__E)
                  00018b1e    00000002     --HOLE-- [fill = 0]
                  00018b20    00000006                   : BIOS.obj (.text:ti_sysbios_heaps_HeapMem_isBlocking__E)
                  00018b26    00000002     --HOLE-- [fill = 0]
                  00018b28    00000006                   : BIOS.obj (.text:ti_sysbios_knl_Queue_Instance_init__E)
                  00018b2e    00000002     --HOLE-- [fill = 0]
                  00018b30    00000006                   : BIOS.obj (.text:ti_sysbios_knl_Swi_startup__E)
                  00018b36    00000002     --HOLE-- [fill = 0]
                  00018b38    00000004     rtos_pem4f.oem4f (.text:ti_sysbios_BIOS_RtsGateProxy_enter__E)
                  00018b3c    00000004     --HOLE-- [fill = 0]
                  00018b40    00000004     rtos_pem4f.oem4f (.text:ti_sysbios_BIOS_RtsGateProxy_leave__E)
                  00018b44    00000004     --HOLE-- [fill = 0]
                  00018b48    00000004     rtos_pem4f.oem4f (.text:ti_sysbios_family_arm_m3_TaskSupport_Module__startupDone__S)
                  00018b4c    00000004     --HOLE-- [fill = 0]
                  00018b50    00000004     sysbios.aem4f : BIOS.obj (.text:ti_sysbios_gates_GateHwi_query__E)
                  00018b54    00000004     --HOLE-- [fill = 0]
                  00018b58    00000004                   : BIOS.obj (.text:ti_sysbios_gates_GateMutex_query__E)
                  00018b5c    00000004     --HOLE-- [fill = 0]
                  00018b60    00000004     rtos_pem4f.oem4f (.text:ti_sysbios_heaps_HeapMem_Module_GateProxy_enter__E)
                  00018b64    00000004     --HOLE-- [fill = 0]
                  00018b68    00000004     rtos_pem4f.oem4f (.text:ti_sysbios_heaps_HeapMem_Module_GateProxy_leave__E)
                  00018b6c    00000004     --HOLE-- [fill = 0]
                  00018b70    00000004     rtos_pem4f.oem4f (.text:ti_sysbios_knl_Clock_TimerProxy_getMaxTicks__E)
                  00018b74    00000004     --HOLE-- [fill = 0]
                  00018b78    00000004     rtos_pem4f.oem4f (.text:ti_sysbios_knl_Queue_destruct)
                  00018b7c    00000004     --HOLE-- [fill = 0]
                  00018b80    00000004     rtos_pem4f.oem4f (.text:ti_sysbios_knl_Semaphore_destruct)
                  00018b84    00000004     --HOLE-- [fill = 0]
                  00018b88    00000004     sysbios.aem4f : BIOS.obj (.text:ti_sysbios_knl_Task_startup__E)
                  00018b8c    00000004     --HOLE-- [fill = 0]
                  00018b90    00000004     rtos_pem4f.oem4f (.text:xdc_runtime_System_Module_GateProxy_enter__E)
                  00018b94    00000004     --HOLE-- [fill = 0]
                  00018b98    00000004     rtos_pem4f.oem4f (.text:xdc_runtime_System_Module_GateProxy_leave__E)
                  00018b9c    00000004     --HOLE-- [fill = 0]
                  00018ba0    00000002     rtos_pem4f.oem4f (.text:ti_sysbios_BIOS_nullFunc__I)
                  00018ba2    00000006     --HOLE-- [fill = 0]
                  00018ba8    00000002     sysbios.aem4f : BIOS.obj (.text:ti_sysbios_gates_GateHwi_Instance_init__E)
                  00018baa    00000006     --HOLE-- [fill = 0]
                  00018bb0    00000002                   : BIOS.obj (.text:ti_sysbios_knl_Clock_logTick__E)
                  00018bb2    00000006     --HOLE-- [fill = 0]
                  00018bb8    00000002     rtos_pem4f.oem4f (.text:xdc_runtime_Startup_reset__I)

.cinit     0    00018bc0    00000338     
                  00018bc0    000002fd     (.cinit..data.load) [load image, compression = lzss]
                  00018ebd    00000003     --HOLE-- [fill = 0]
                  00018ec0    0000000c     (__TI_handler_table)
                  00018ecc    00000004     --HOLE-- [fill = 0]
                  00018ed0    00000008     (.cinit..bss.load) [load image, compression = zero_init]
                  00018ed8    00000008     (.cinit..vecs.load) [load image, compression = zero_init]
                  00018ee0    00000018     (__TI_cinit_table)

.init_array 
*          0    00000000    00000000     UNINITIALIZED

.resetVecs 
*          0    00000000    0000003c     
                  00000000    0000003c     rtos_pem4f.oem4f (.resetVecs)

.bss       0    20000400    0000b20a     UNINITIALIZED
                  20000400    00002108     sampling.obj (.bss:kiss_fft_cfg_buffer$1)
                  20002508    00002000     sampling.obj (.bss:in$2)
                  20004508    00002000     sampling.obj (.bss:out$3)
                  20006508    00001a00     rtos_pem4f.oem4f (.bss:taskStackSection)
                  20007f08    00001000     sampling.obj (.bss:w$4)
                  20008f08    00001000     (.common:gADCBuffer)
                  20009f08    00000800     (.common:samples)
                  2000a708    000000a0     (.common:ti_sysbios_knl_Mailbox_Instance_State_0_allocBuf__A)
                  2000a7a8    0000002c     (.common:sContext)
                  2000a7d4    00000014     buttons.obj (.bss:state$1)
                  2000a7e8    00000008     (.common:parmbuf)
                  2000a7f0    00000004     (.common:fScale)
                  2000a7f4    00000004     (.common:gADCSamplingRate)
                  2000a7f8    00000004     (.common:g_psGrLibDefaults)
                  2000a7fc    00000004     (.common:trigger)
                  2000a800    00000400     (.common:gDMAControlTable)
                  2000ac00    00000400     (.common:ti_sysbios_heaps_HeapMem_Instance_State_0_buf__A)
                  2000b000    00000360     (.common:ti_sysbios_family_arm_m3_Hwi_dispatchTable)
                  2000b360    00000120     rtsv7M4_T_le_v4SPD16_eabi.lib : trgmsg.c.obj (.bss:_CIOBUF_)
                  2000b480    00000100     (.common:processedBuffer)
                  2000b580    00000080     (.common:xdc_runtime_SysMin_Module_State_0_outbuf__A)
                  2000b600    00000002     (.common:Lcd_ScreenHeigth)
                  2000b602    00000002     (.common:Lcd_ScreenWidth)
                  2000b604    00000002     (.common:Lcd_TouchTrim)
                  2000b606    00000001     (.common:Lcd_FlagRead)
                  2000b607    00000001     (.common:Lcd_FontSolid)
                  2000b608    00000001     (.common:Lcd_Orientation)
                  2000b609    00000001     (.common:Lcd_PenSolid)

.data      0    2000b60c    00008788     UNINITIALIZED
                  2000b60c    00008000     Crystalfontz128x128_ST7735.obj (.data:Lcd_buffer)
                  2001360c    00000214     rtos_pem4f.oem4f (.data:ti_sysbios_knl_Task_Object__table__V)
                  20013820    00000080     rtos_pem4f.oem4f (.data:ti_sysbios_knl_Swi_Module_State_0_readyQ__A)
                  200138a0    00000080     rtos_pem4f.oem4f (.data:ti_sysbios_knl_Task_Module_State_0_readyQ__A)
                  20013920    00000064     rtos_pem4f.oem4f (.data:ti_sysbios_knl_Semaphore_Object__table__V)
                  20013984    00000060     rtos_pem4f.oem4f (.data:ti_sysbios_family_arm_m3_Hwi_Object__table__V)
                  200139e4    00000050     rtos_pem4f.oem4f (.data:ti_sysbios_knl_Mailbox_Object__table__V)
                  20013a34    00000044     rtos_pem4f.oem4f (.data:ti_sysbios_knl_Task_Module__state__V)
                  20013a78    00000040     rtos_pem4f.oem4f (.data:ti_sysbios_family_arm_lm4_Timer_Module_State_0_device__A)
                  20013ab8    00000040     rtos_pem4f.oem4f (.data:ti_sysbios_family_arm_lm4_Timer_Object__table__V)
                  20013af8    00000040     rtos_pem4f.oem4f (.data:ti_sysbios_knl_Clock_Object__table__V)
                  20013b38    00000038     rtos_pem4f.oem4f (.data:ti_sysbios_gates_GateMutex_Object__table__V)
                  20013b70    00000034     sampling.obj (.data)
                  20013ba4    00000034     rtos_pem4f.oem4f (.data:ti_sysbios_family_arm_m3_Hwi_Module__state__V)
                  20013bd8    00000030     rtos_pem4f.oem4f (.data:ti_sysbios_knl_Swi_Object__table__V)
                  20013c08    0000002c     rtos_pem4f.oem4f (.data:ti_sysbios_knl_Clock_Module__state__V)
                  20013c34    00000024     buttons.obj (.data:count$2)
                  20013c58    00000024     rtos_pem4f.oem4f (.data:ti_sysbios_BIOS_Module__state__V)
                  20013c7c    00000020     rtos_pem4f.oem4f (.data:ti_sysbios_family_arm_lm4_Timer_Module_State_0_handles__A)
                  20013c9c    0000001c     rtos_pem4f.oem4f (.data:ti_sysbios_knl_Swi_Module__state__V)
                  20013cb8    00000018     rtos_pem4f.oem4f (.data:ti_sysbios_heaps_HeapMem_Object__table__V)
                  20013cd0    00000014     sampling.obj (.data:fVoltsPerDiv)
                  20013ce4    00000010     main.obj (.data)
                  20013cf4    0000000c     rtos_pem4f.oem4f (.data:ti_sysbios_family_arm_lm4_Timer_Module__state__V)
                  20013d00    0000000c     rtos_pem4f.oem4f (.data:xdc_runtime_SysMin_Module__state__V)
                  20013d0c    00000008     rtsv7M4_T_le_v4SPD16_eabi.lib : _lock.c.obj (.data:$O1$$)
                  20013d14    00000008     buttons.obj (.data:gJoystick)
                  20013d1c    00000008     rtos_pem4f.oem4f (.data:ti_sysbios_family_arm_lm4_TimestampProvider_Module__state__V)
                  20013d24    00000008     rtos_pem4f.oem4f (.data:ti_sysbios_gates_GateHwi_Module__root__V)
                  20013d2c    00000008     rtos_pem4f.oem4f (.data:ti_sysbios_gates_GateHwi_Object__table__V)
                  20013d34    00000008     rtos_pem4f.oem4f (.data:ti_sysbios_gates_GateMutex_Module__root__V)
                  20013d3c    00000008     rtos_pem4f.oem4f (.data:ti_sysbios_heaps_HeapMem_Module__root__V)
                  20013d44    00000008     rtos_pem4f.oem4f (.data:ti_sysbios_knl_Queue_Module__root__V)
                  20013d4c    00000008     rtos_pem4f.oem4f (.data:ti_sysbios_knl_Semaphore_Module__root__V)
                  20013d54    00000008     rtos_pem4f.oem4f (.data:xdc_runtime_Registry_Module__state__V)
                  20013d5c    00000008     rtos_pem4f.oem4f (.data:xdc_runtime_Startup_Module__state__V)
                  20013d64    00000008     rtos_pem4f.oem4f (.data:xdc_runtime_System_Module_State_0_atexitHandlers__A)
                  20013d6c    00000008     rtos_pem4f.oem4f (.data:xdc_runtime_System_Module__state__V)
                  20013d74    00000004     buttons.obj (.data)
                  20013d78    00000004     rtsv7M4_T_le_v4SPD16_eabi.lib : errno.c.obj (.data)
                  20013d7c    00000004                                   : stkdepth_vars.c.obj (.data)
                  20013d80    00000004     rtos_pem4f.oem4f (.data:ti_sysbios_family_arm_m3_Hwi_Module_State_0_excContext__A)
                  20013d84    00000004     rtos_pem4f.oem4f (.data:ti_sysbios_family_arm_m3_Hwi_Module_State_0_excStack__A)
                  20013d88    00000004     rtos_pem4f.oem4f (.data:ti_sysbios_knl_Task_Module_State_0_idleTask__A)
                  20013d8c    00000004     rtos_pem4f.oem4f (.data:xdc_runtime_Memory_Module__state__V)
[...]
000184a3  GPIOPinTypeGPIOOutput                                                
000184bd  _args_main                                                           
000184f1  ti_sysbios_BIOS_rtsUnlock__I                                         
00018509  ti_sysbios_family_arm_lm4_Timer_Module__startupDone__F               
00018509  ti_sysbios_family_arm_lm4_Timer_Module__startupDone__S               
00018509  ti_sysbios_knl_Clock_TimerProxy_Module__startupDone__S               
00018521  ti_sysbios_family_arm_m3_Hwi_Module__startupDone__F                  
00018521  ti_sysbios_family_arm_m3_Hwi_Module__startupDone__S                  
00018521  ti_sysbios_hal_Hwi_HwiProxy_Module__startupDone__S                   
00018539  ti_sysbios_family_arm_m3_TaskSupport_swap__E                         
00018539  ti_sysbios_knl_Task_SupportProxy_swap__E                             
00018545  ti_sysbios_knl_Task_swapReturn                                       
00018551  ti_sysbios_gates_GateMutex_leave__E                                  
00018569  uDMAChannelEnable                                                    
00018581  uDMAChannelIsEnabled                                                 
00018599  xdc_runtime_Error_check__E                                           
000185b1  xdc_runtime_System_exit__E                                           
000185c9  xdc_runtime_Text_ropeText__E                                         
000185e1  GrStringDraw                                                         
000185f7  TimerControlEvent                                                    
0001860d  strchr                                                               
00018629  ti_sysbios_BIOS_exitFunc__I                                          
00018655  PWMClockSet                                                          
00018669  TimerDisable                                                         
0001867d  strlen                                                               
00018691  ti_sysbios_family_arm_m3_Hwi_Object__get__S                          
000186a9  ti_sysbios_family_arm_m3_Hwi_switchFromBootStack__E                  
000186a9  ti_sysbios_hal_Hwi_HwiProxy_switchFromBootStack__E                   
000186a9  ti_sysbios_hal_Hwi_switchFromBootStack__E                            
000186c1  ti_sysbios_heaps_HeapMem_Object__get__S                              
000186d9  ti_sysbios_knl_Mailbox_Object__get__S                                
000186f1  ti_sysbios_knl_Swi_Object__get__S                                    
00018705  GPIOPinTypeADC                                                       
00018717  GPIOPinTypeGPIOInput                                                 
00018729  GPIOPinTypePWM                                                       
0001873b  GPIOPinTypeSSI                                                       
0001874d  GPIOPinTypeTimer                                                     
0001875f  PWMOutputState                                                       
00018771  TimerLoadSet                                                         
00018783  TimerPrescaleSet                                                     
00018799  ti_sysbios_hal_Hwi_Module_startup__E                                 
000187b1  ti_sysbios_knl_Event_sync__E                                         
000187c3  wcslen                                                               
000187d9  xdc_runtime_Startup_exec__I                                          
000187f1  ti_catalog_arm_cortexm4_tiva_ce_Boot_init__I                         
00018801  ADCSequenceDMAEnable                                                 
00018811  IntMasterDisable                                                     
00018821  IntMasterEnable                                                      
00018831  PWMGenPeriodSet                                                      
00018841  ti_sysbios_BIOS_setThreadType__E                                     
00018851  ti_sysbios_BIOS_start__E                                             
00018861  ti_sysbios_family_arm_m3_TaskSupport_glue                            
00018871  ti_sysbios_gates_GateMutex_Instance_finalize__E                      
00018881  ti_sysbios_knl_Swi_disable__E                                        
00018891  ti_sysbios_knl_Task_Object__get__S                                   
000188a1  ti_sysbios_knl_Task_disable__E                                       
000188b1  uDMAEnable                                                           
000188c1  xdc_runtime_Gate_leaveSystem__E                                      
000188d1  xdc_runtime_Memory_free__E                                           
000188e1  xdc_runtime_SysMin_ready__E                                          
000188e1  xdc_runtime_System_SupportProxy_ready__E                             
000188f1  xdc_runtime_System_vsnprintf__E                                      
00018901  xdc_runtime_Text_visitRope__I                                        
00018911  ADCSequenceDisable                                                   
0001891f  ADCSequenceEnable                                                    
0001892d  TimerEnable                                                          
0001893b  __TI_decompress_none                                                 
00018949  ti_sysbios_knl_Idle_loop__E                                          
00018959  ti_sysbios_knl_Queue_empty__E                                        
00018967  CPUcpsid                                                             
00018973  CPUcpsie                                                             
00018981  HAL_LCD_writeData                                                    
0001898d  PWMGenEnable                                                         
00018999  _register_lock                                                       
000189a5  _register_unlock                                                     
000189b1  clock_func                                                           
000189bd  __TI_zero_init                                                       
000189c9  freq_func                                                            
000189d9  ti_sysbios_family_arm_lm4_Timer_getMaxTicks__E                       
000189e9  ti_sysbios_family_arm_m3_TaskSupport_checkStack__E                   
000189e9  ti_sysbios_knl_Task_SupportProxy_checkStack__E                       
000189f9  ti_sysbios_gates_GateHwi_enter__E                                    
00018a09  ti_sysbios_knl_Queue_Object__get__S                                  
00018a15  uDMAControlBaseSet                                                   
00018a21  xdc_runtime_Error_init__E                                            
00018a2d  xdc_runtime_Gate_enterSystem__E                                      
00018a39  xdc_runtime_Memory_calloc__E                                         
00018a45  xdc_runtime_Memory_getMaxDefaultTypeAlign__E                         
00018a51  ADCIntClear                                                          
00018a5b  PWMGenIntTrigEnable                                                  
00018a65  PWMIntDisable                                                        
00018a6f  SSIDataPut                                                           
00018a79  SSIEnable                                                            
00018a83  TimerIntStatus                                                       
00018a8d  TimerValueGet                                                        
00018a99  xdc_runtime_Memory_HeapProxy_alloc__E                                
00018aa9  xdc_runtime_Memory_HeapProxy_free__E                                 
00018ab3  ADCIntEnableEx                                                       
00018abb  GrMapISO8859_1_Unicode                                               
00018ac3  PWMIntEnable                                                         
00018acb  SSIBusy                                                              
00018ad3  TimerIntEnable                                                       
00018add  __aeabi_errno_addr                                                   
00018ae5  ti_sysbios_family_arm_lm4_Timer_masterDisable__I                     
00018af1  ti_sysbios_family_arm_m3_Hwi_doSwiRestore__I                         
00018af9  ti_sysbios_family_arm_m3_Hwi_startup__E                              
00018af9  ti_sysbios_hal_Hwi_HwiProxy_startup__E                               
00018af9  ti_sysbios_hal_Hwi_startup__E                                        
00018b01  kiss_fft                                                             
00018b09  ti_sysbios_family_arm_lm4_TimestampProvider_Module_startup__E        
00018b11  ti_sysbios_family_arm_m3_Hwi_doTaskRestore__I                        
00018b19  ti_sysbios_gates_GateHwi_leave__E                                    
00018b21  ti_sysbios_heaps_HeapMem_isBlocking__E                               
00018b29  ti_sysbios_knl_Queue_Instance_init__E                                
00018b31  ti_sysbios_knl_Swi_startup__E                                        
00018b39  ti_sysbios_BIOS_RtsGateProxy_enter__E                                
00018b41  ti_sysbios_BIOS_RtsGateProxy_leave__E                                
00018b49  ti_sysbios_family_arm_m3_TaskSupport_Module__startupDone__S          
00018b49  ti_sysbios_knl_Task_SupportProxy_Module__startupDone__S              
00018b51  ti_sysbios_gates_GateHwi_query__E                                    
00018b51  xdc_runtime_Main_Module_GateProxy_query__E                           
00018b51  xdc_runtime_System_Module_GateProxy_query__E                         
00018b59  ti_sysbios_BIOS_RtsGateProxy_query__E                                
00018b59  ti_sysbios_gates_GateMutex_query__E                                  
00018b59  ti_sysbios_heaps_HeapMem_Module_GateProxy_query__E                   
00018b61  ti_sysbios_heaps_HeapMem_Module_GateProxy_enter__E                   
00018b69  ti_sysbios_heaps_HeapMem_Module_GateProxy_leave__E                   
00018b71  ti_sysbios_knl_Clock_TimerProxy_getMaxTicks__E                       
00018b79  ti_sysbios_knl_Queue_destruct                                        
00018b81  ti_sysbios_knl_Semaphore_destruct                                    
00018b89  ti_sysbios_knl_Task_startup__E                                       
00018b91  xdc_runtime_System_Module_GateProxy_enter__E                         
00018b99  xdc_runtime_System_Module_GateProxy_leave__E                         
00018ba1  ti_sysbios_BIOS_nullFunc__I                                          
00018ba9  ti_sysbios_gates_GateHwi_Instance_init__E                            
00018bb1  ti_sysbios_knl_Clock_logTick__E                                      
00018bb9  xdc_runtime_Startup_reset__I                                         
00018bc0  __TI_static_base__                                                   
00018ec0  __TI_Handler_Table_Base                                              
00018ecc  __TI_Handler_Table_Limit                                             
00018ee0  __TI_CINIT_Base                                                      
00018ef8  __TI_CINIT_Limit                                                     
20000000  __start___llvm_prf_cnts                                              
20000000  __stop___llvm_prf_cnts                                               
20000000  ti_sysbios_family_arm_m3_Hwi_ramVectors                              
20006508  ti_sysbios_knl_Task_Instance_State_0_stack__A                        
20006708  ti_sysbios_knl_Task_Instance_State_1_stack__A                        
20006f08  ti_sysbios_knl_Task_Instance_State_2_stack__A                        
20007708  ti_sysbios_knl_Task_Instance_State_3_stack__A                        
20007908  ti_sysbios_knl_Task_Instance_State_4_stack__A                        
20007b08  ti_sysbios_knl_Task_Instance_State_5_stack__A                        
20007d08  ti_sysbios_knl_Task_Instance_State_6_stack__A                        
20008f08  gADCBuffer                                                           
20009f08  samples                                                              
2000a708  ti_sysbios_knl_Mailbox_Instance_State_0_allocBuf__A                  
2000a7a8  sContext                                                             
2000a7e8  parmbuf                                                              
2000a7f0  fScale                                                               
2000a7f4  gADCSamplingRate                                                     
2000a7fc  trigger                                                              
2000a800  gDMAControlTable                                                     
2000ac00  ti_sysbios_heaps_HeapMem_Instance_State_0_buf__A                     
2000b000  ti_sysbios_family_arm_m3_Hwi_dispatchTable                           
2000b360  __CIOBUF_                                                            
2000b480  processedBuffer                                                      
2000b580  xdc_runtime_SysMin_Module_State_0_outbuf__A                          
2000b600  Lcd_ScreenHeigth                                                     
2000b602  Lcd_ScreenWidth                                                      
2000b604  Lcd_TouchTrim                                                        
2000b606  Lcd_FlagRead                                                         
2000b607  Lcd_FontSolid                                                        
2000b608  Lcd_Orientation                                                      
2000b609  Lcd_PenSolid                                                         
2000b60c  Lcd_buffer                                                           
2001360c  ti_sysbios_knl_Task_Object__table__V                                 
20013820  ti_sysbios_knl_Swi_Module_State_0_readyQ__A                          
200138a0  ti_sysbios_knl_Task_Module_State_0_readyQ__A                         
20013920  ti_sysbios_knl_Semaphore_Object__table__V                            
20013984  ti_sysbios_family_arm_m3_Hwi_Object__table__V                        
200139e4  ti_sysbios_knl_Mailbox_Object__table__V                              
20013a34  ti_sysbios_knl_Task_Module__state__V                                 
20013a78  ti_sysbios_family_arm_lm4_Timer_Module_State_0_device__A             
20013ab8  ti_sysbios_family_arm_lm4_Timer_Object__table__V                     
20013af8  ti_sysbios_knl_Clock_Object__table__V                                
20013b38  ti_sysbios_gates_GateMutex_Object__table__V                          
20013b70  spectrumMode                                                         
20013b74  gADCErrors                                                           
20013b78  trigState                                                            
20013b7c  prevCount                                                            
20013b80  timerPeriod                                                          
20013b84  countInterval                                                        
20013b88  countPeriod                                                          
20013b8c  avgFrequency                                                         
20013b90  gDMAPrimary                                                          
20013b94  vState                                                               
20013b98  pwmPeriod                                                            
20013b9c  gPWMSample                                                           
20013ba0  gSamplingRateDivider                                                 
20013ba4  ti_sysbios_family_arm_m3_Hwi_Module__state__V                        
20013bd8  ti_sysbios_knl_Swi_Object__table__V                                  
20013c08  ti_sysbios_knl_Clock_Module__state__V                                
20013c58  ti_sysbios_BIOS_Module__state__V                                     
20013c7c  ti_sysbios_family_arm_lm4_Timer_Module_State_0_handles__A            
20013c9c  ti_sysbios_knl_Swi_Module__state__V                                  
20013cb8  ti_sysbios_heaps_HeapMem_Object__table__V                            
20013cd0  fVoltsPerDiv                                                         
20013ce4  gSystemClock                                                         
20013ce8  count_unloaded                                                       
20013cec  count_loaded                                                         
20013cf0  cpu_load                                                             
20013cf4  ti_sysbios_family_arm_lm4_Timer_Module__state__V                     
20013d00  xdc_runtime_SysMin_Module__state__V                                  
20013d0c  _lock                                                                
20013d10  _unlock                                                              
20013d14  gJoystick                                                            
20013d1c  ti_sysbios_family_arm_lm4_TimestampProvider_Module__state__V         
20013d24  ti_sysbios_gates_GateHwi_Module__root__V                             
20013d2c  ti_sysbios_gates_GateHwi_Object__table__V                            
20013d34  ti_sysbios_gates_GateMutex_Module__root__V                           
20013d3c  ti_sysbios_heaps_HeapMem_Module__root__V                             
20013d44  ti_sysbios_knl_Queue_Module__root__V                                 
20013d4c  ti_sysbios_knl_Semaphore_Module__root__V                             
20013d54  xdc_runtime_Registry_Module__state__V                                
20013d5c  xdc_runtime_Startup_Module__state__V                                 
20013d64  xdc_runtime_System_Module_State_0_atexitHandlers__A                  
20013d6c  xdc_runtime_System_Module__state__V                                  
20013d74  gButtons                                                             
20013d78  errno                                                                
20013d7c  main_func_sp                                                         
20013d80  ti_sysbios_family_arm_m3_Hwi_Module_State_0_excContext__A            
20013d84  ti_sysbios_family_arm_m3_Hwi_Module_State_0_excStack__A              
20013d88  ti_sysbios_knl_Task_Module_State_0_idleTask__A                       
20013d8c  xdc_runtime_Memory_Module__state__V                                  
20013d90  ti_sysbios_family_arm_m3_Hwi_Module_State_0_excActive__A             
20013d92  xdc_runtime_Error_Module__state__V                                   
20013d98  __stack                                                              
20014098  __STACK_END                                                          
e000e000  ti_sysbios_family_arm_m3_Hwi_nvic                                    
ffffffff  __TI_pprof_out_hndl                                                  
ffffffff  __TI_prof_data_size                                                  
ffffffff  __TI_prof_data_start                                                 
ffffffff  __binit__                                                            
ffffffff  __c_args__                                                           
ffffffff  binit                                                                
UNDEFED   SHT$$INIT_ARRAY$$Base                                                
UNDEFED   SHT$$INIT_ARRAY$$Limit                                               

[741 symbols]
